2026-09-08 15:07:26.508 [info] [main] Log level: Info
2026-09-08 15:07:26.508 [info] [main] Validating found git in: "git"
2026-09-08 15:07:26.508 [info] [main] Using git "2.25.1" from "git"
2026-09-08 15:07:26.508 [info] [Model][doInitialScan] Initial repository scan started
2026-09-08 15:07:26.508 [info] > git rev-parse --show-toplevel [4ms]
2026-09-08 15:07:26.508 [info] fatal: not a git repository (or any parent up to mount point /voc)
Stopping at filesystem boundary (GIT_DISCOVERY_ACROSS_FILESYSTEM not set).
2026-09-08 15:07:26.508 [info] > git rev-parse --show-toplevel [3ms]
2026-09-08 15:07:26.508 [info] fatal: not a git repository (or any parent up to mount point /voc)
Stopping at filesystem boundary (GIT_DISCOVERY_ACROSS_FILESYSTEM not set).
2026-09-08 15:07:26.508 [info] > git rev-parse --show-toplevel [1ms]
2026-09-08 15:07:26.508 [info] fatal: not a git repository (or any parent up to mount point /voc)
Stopping at filesystem boundary (GIT_DISCOVERY_ACROSS_FILESYSTEM not set).
2026-09-08 15:07:26.508 [info] > git rev-parse --show-toplevel [2ms]
2026-09-08 15:07:26.508 [info] fatal: not a git repository (or any parent up to mount point /voc)
Stopping at filesystem boundary (GIT_DISCOVERY_ACROSS_FILESYSTEM not set).
2026-09-08 15:07:26.508 [info] > git rev-parse --show-toplevel [2ms]
2026-09-08 15:07:26.508 [info] fatal: not a git repository (or any parent up to mount point /voc)
Stopping at filesystem boundary (GIT_DISCOVERY_ACROSS_FILESYSTEM not set).
2026-09-08 15:07:26.508 [info] > git rev-parse --show-toplevel [2ms]
2026-09-08 15:07:26.508 [info] fatal: not a git repository (or any parent up to mount point /voc)
Stopping at filesystem boundary (GIT_DISCOVERY_ACROSS_FILESYSTEM not set).
2026-09-08 15:07:26.508 [info] > git rev-parse --show-toplevel [2ms]
2026-09-08 15:07:26.508 [info] fatal: not a git repository (or any parent up to mount point /voc)
Stopping at filesystem boundary (GIT_DISCOVERY_ACROSS_FILESYSTEM not set).
2026-09-08 15:07:26.508 [info] > git rev-parse --show-toplevel [2ms]
2026-09-08 15:07:26.508 [info] fatal: not a git repository (or any parent up to mount point /voc)
Stopping at filesystem boundary (GIT_DISCOVERY_ACROSS_FILESYSTEM not set).
2026-09-08 15:07:26.508 [info] > git rev-parse --show-toplevel [2ms]
2026-09-08 15:07:26.508 [info] fatal: not a git repository (or any parent up to mount point /voc)
Stopping at filesystem boundary (GIT_DISCOVERY_ACROSS_FILESYSTEM not set).
2026-09-08 15:07:26.508 [info] > git rev-parse --show-toplevel [2ms]
2026-09-08 15:07:26.508 [info] fatal: not a git repository (or any parent up to mount point /voc)
Stopping at filesystem boundary (GIT_DISCOVERY_ACROSS_FILESYSTEM not set).
2026-09-08 15:07:26.508 [info] > git rev-parse --show-toplevel [2ms]
2026-09-08 15:07:26.508 [info] fatal: not a git repository (or any parent up to mount point /voc)
Stopping at filesystem boundary (GIT_DISCOVERY_ACROSS_FILESYSTEM not set).
2026-09-08 15:07:26.508 [info] > git rev-parse --show-toplevel [2ms]
2026-09-08 15:07:26.508 [info] fatal: not a git repository (or any parent up to mount point /voc)
Stopping at filesystem boundary (GIT_DISCOVERY_ACROSS_FILESYSTEM not set).
2026-09-08 15:07:26.508 [info] > git rev-parse --show-toplevel [2ms]
2026-09-08 15:07:26.508 [info] fatal: not a git repository (or any parent up to mount point /voc)
Stopping at filesystem boundary (GIT_DISCOVERY_ACROSS_FILESYSTEM not set).
2026-09-08 15:07:26.508 [info] [Model][doInitialScan] Initial repository scan completed - repositories (0), closed repositories (0), parent repositories (0), unsafe repositories (0)
2026-09-08 15:07:27.302 [info] > git rev-parse --show-toplevel [2ms]
2026-09-08 15:07:27.302 [info] fatal: not a git repository (or any parent up to mount point /voc)
Stopping at filesystem boundary (GIT_DISCOVERY_ACROSS_FILESYSTEM not set).
2026-09-08 15:07:31.045 [info] > git rev-parse --show-toplevel [6ms]
2026-09-08 15:07:31.046 [info] fatal: not a git repository (or any parent up to mount point /voc)
Stopping at filesystem boundary (GIT_DISCOVERY_ACROSS_FILESYSTEM not set).
2026-09-08 15:07:32.126 [info] > git rev-parse --show-toplevel [2ms]
2026-09-08 15:07:32.126 [info] fatal: not a git repository (or any parent up to mount point /voc)
Stopping at filesystem boundary (GIT_DISCOVERY_ACROSS_FILESYSTEM not set).
2026-09-08 15:07:33.980 [info] > git rev-parse --show-toplevel [2ms]
2026-09-08 15:07:33.980 [info] fatal: not a git repository (or any parent up to mount point /voc)
Stopping at filesystem boundary (GIT_DISCOVERY_ACROSS_FILESYSTEM not set).
2026-09-08 15:07:35.935 [info] > git rev-parse --show-toplevel [2ms]
2026-09-08 15:07:35.935 [info] fatal: not a git repository (or any parent up to mount point /voc)
Stopping at filesystem boundary (GIT_DISCOVERY_ACROSS_FILESYSTEM not set).
2026-09-08 15:07:37.066 [info] > git rev-parse --show-toplevel [2ms]
2026-09-08 15:07:37.067 [info] fatal: not a git repository (or any parent up to mount point /voc)
Stopping at filesystem boundary (GIT_DISCOVERY_ACROSS_FILESYSTEM not set).
2026-09-08 15:07:38.109 [info] > git rev-parse --show-toplevel [2ms]
2026-09-08 15:07:38.109 [info] fatal: not a git repository (or any parent up to mount point /voc)
Stopping at filesystem boundary (GIT_DISCOVERY_ACROSS_FILESYSTEM not set).
