2026-09-11 09:45:08.086 [info] Reading sessions from keychain...
2026-09-11 09:45:08.086 [info] Getting sessions for all scopes...
2026-09-11 09:45:08.086 [info] Got 0 sessions for ...
2026-09-11 09:45:08.086 [info] Getting sessions for all scopes...
2026-09-11 09:45:08.086 [info] Got 0 sessions for ...
2026-09-11 09:45:08.086 [info] Getting sessions for all scopes...
2026-09-11 09:45:08.086 [info] Got 0 sessions for ...
2026-09-11 09:45:08.086 [info] Getting sessions for all scopes...
2026-09-11 09:45:08.086 [info] Got 0 sessions for ...
2026-09-11 09:45:08.086 [info] Getting sessions for all scopes...
2026-09-11 09:45:08.086 [info] Got 0 sessions for ...
2026-09-11 09:45:08.156 [info] Getting sessions for read:user,repo,user:email,workflow...
2026-09-11 09:45:08.156 [info] Got 0 sessions for read:user,repo,user:email,workflow...
2026-09-11 09:45:11.364 [info] Logging in with 'any' account...
2026-09-11 09:45:11.364 [info] Logging in for the following scopes: read:user repo user:email workflow
2026-09-11 09:45:11.551 [info] Trying device code flow... (read:user repo user:email workflow)
2026-09-11 09:51:00.749 [info] Getting user info...
2026-09-11 09:51:01.184 [info] Got account info!
2026-09-11 09:51:01.185 [info] Storing 1 sessions...
2026-09-11 09:51:01.271 [info] Reading sessions from keychain...
2026-09-11 09:51:01.271 [info] Stored 1 sessions!
2026-09-11 09:51:01.271 [info] Login success!
2026-09-11 09:51:01.375 [info] Got stored sessions!
2026-09-11 09:51:01.375 [info] Got 1 verified sessions.
