2026-09-10 19:28:38.618 [info] [main] Log level: Info
2026-09-10 19:28:38.618 [info] [main] Validating found git in: "git"
2026-09-10 19:28:38.618 [info] [main] Using git "2.25.1" from "git"
2026-09-10 19:28:38.618 [info] [Model][doInitialScan] Initial repository scan started
2026-09-10 19:28:38.618 [info] > git rev-parse --show-toplevel [5ms]
2026-09-10 19:28:38.618 [info] fatal: not a git repository (or any parent up to mount point /voc)
Stopping at filesystem boundary (GIT_DISCOVERY_ACROSS_FILESYSTEM not set).
2026-09-10 19:28:38.618 [info] > git rev-parse --show-toplevel [16ms]
2026-09-10 19:28:38.618 [info] fatal: not a git repository (or any parent up to mount point /voc)
Stopping at filesystem boundary (GIT_DISCOVERY_ACROSS_FILESYSTEM not set).
2026-09-10 19:28:38.626 [info] > git rev-parse --show-toplevel [22ms]
2026-09-10 19:28:38.626 [info] fatal: not a git repository (or any parent up to mount point /voc)
Stopping at filesystem boundary (GIT_DISCOVERY_ACROSS_FILESYSTEM not set).
2026-09-10 19:28:38.647 [info] > git rev-parse --show-toplevel [19ms]
2026-09-10 19:28:38.647 [info] fatal: not a git repository (or any parent up to mount point /voc)
Stopping at filesystem boundary (GIT_DISCOVERY_ACROSS_FILESYSTEM not set).
2026-09-10 19:28:38.664 [info] > git rev-parse --show-toplevel [15ms]
2026-09-10 19:28:38.664 [info] fatal: not a git repository (or any parent up to mount point /voc)
Stopping at filesystem boundary (GIT_DISCOVERY_ACROSS_FILESYSTEM not set).
2026-09-10 19:28:38.687 [info] > git rev-parse --show-toplevel [21ms]
2026-09-10 19:28:38.687 [info] fatal: not a git repository (or any parent up to mount point /voc)
Stopping at filesystem boundary (GIT_DISCOVERY_ACROSS_FILESYSTEM not set).
2026-09-10 19:28:38.716 [info] > git rev-parse --show-toplevel [27ms]
2026-09-10 19:28:38.716 [info] fatal: not a git repository (or any parent up to mount point /voc)
Stopping at filesystem boundary (GIT_DISCOVERY_ACROSS_FILESYSTEM not set).
2026-09-10 19:28:38.736 [info] > git rev-parse --show-toplevel [16ms]
2026-09-10 19:28:38.736 [info] fatal: not a git repository (or any parent up to mount point /voc)
Stopping at filesystem boundary (GIT_DISCOVERY_ACROSS_FILESYSTEM not set).
2026-09-10 19:28:38.746 [info] > git rev-parse --show-toplevel [8ms]
2026-09-10 19:28:38.746 [info] fatal: not a git repository (or any parent up to mount point /voc)
Stopping at filesystem boundary (GIT_DISCOVERY_ACROSS_FILESYSTEM not set).
2026-09-10 19:28:38.768 [info] > git rev-parse --show-toplevel [13ms]
2026-09-10 19:28:38.768 [info] fatal: not a git repository (or any parent up to mount point /voc)
Stopping at filesystem boundary (GIT_DISCOVERY_ACROSS_FILESYSTEM not set).
2026-09-10 19:28:38.783 [info] > git rev-parse --show-toplevel [13ms]
2026-09-10 19:28:38.783 [info] fatal: not a git repository (or any parent up to mount point /voc)
Stopping at filesystem boundary (GIT_DISCOVERY_ACROSS_FILESYSTEM not set).
2026-09-10 19:28:38.784 [info] [Model][doInitialScan] Initial repository scan completed - repositories (0), closed repositories (0), parent repositories (0), unsafe repositories (0)
2026-09-10 19:28:38.793 [info] > git rev-parse --show-toplevel [7ms]
2026-09-10 19:28:38.793 [info] fatal: not a git repository (or any parent up to mount point /voc)
Stopping at filesystem boundary (GIT_DISCOVERY_ACROSS_FILESYSTEM not set).
2026-09-10 19:28:38.899 [info] > git rev-parse --show-toplevel [7ms]
2026-09-10 19:28:38.899 [info] fatal: not a git repository (or any parent up to mount point /voc)
Stopping at filesystem boundary (GIT_DISCOVERY_ACROSS_FILESYSTEM not set).
2026-09-10 19:28:39.175 [info] > git rev-parse --show-toplevel [7ms]
2026-09-10 19:28:39.175 [info] fatal: not a git repository (or any parent up to mount point /voc)
Stopping at filesystem boundary (GIT_DISCOVERY_ACROSS_FILESYSTEM not set).
2026-09-10 19:28:40.308 [info] > git rev-parse --show-toplevel [29ms]
2026-09-10 19:28:40.308 [info] fatal: not a git repository (or any parent up to mount point /voc)
Stopping at filesystem boundary (GIT_DISCOVERY_ACROSS_FILESYSTEM not set).
2026-09-10 19:29:01.890 [info] > git rev-parse --show-toplevel [24ms]
2026-09-10 19:29:01.891 [info] fatal: not a git repository (or any parent up to mount point /voc)
Stopping at filesystem boundary (GIT_DISCOVERY_ACROSS_FILESYSTEM not set).
2026-09-10 19:31:53.165 [info] > git rev-parse --show-toplevel [23ms]
2026-09-10 19:31:53.167 [info] fatal: not a git repository (or any parent up to mount point /voc)
Stopping at filesystem boundary (GIT_DISCOVERY_ACROSS_FILESYSTEM not set).
2026-09-10 19:33:29.338 [warning] [Model][getRepositoryExact] Failed to get repository realpath for: "/voc/work/exercises/lesson-5-collaborate-with-ai-throughout-development/exercises/concept4-ai-refactoring-collaboration/starter/pytest-cache-files-_d64q91o/". Error:Error: ENOENT: no such file or directory, realpath '/voc/work/exercises/lesson-5-collaborate-with-ai-throughout-development/exercises/concept4-ai-refactoring-collaboration/starter/pytest-cache-files-_d64q91o/'
2026-09-10 19:35:09.150 [info] > git rev-parse --show-toplevel [5ms]
2026-09-10 19:35:09.152 [info] fatal: not a git repository (or any parent up to mount point /voc)
Stopping at filesystem boundary (GIT_DISCOVERY_ACROSS_FILESYSTEM not set).
2026-09-10 19:43:58.560 [info] > git rev-parse --show-toplevel [2ms]
2026-09-10 19:43:58.561 [info] fatal: not a git repository (or any parent up to mount point /voc)
Stopping at filesystem boundary (GIT_DISCOVERY_ACROSS_FILESYSTEM not set).
2026-09-10 19:43:58.567 [info] > git rev-parse --show-toplevel [4ms]
2026-09-10 19:43:58.567 [info] fatal: not a git repository (or any parent up to mount point /voc)
Stopping at filesystem boundary (GIT_DISCOVERY_ACROSS_FILESYSTEM not set).
2026-09-10 19:44:07.826 [info] > git rev-parse --show-toplevel [3ms]
2026-09-10 19:44:07.826 [info] fatal: not a git repository (or any parent up to mount point /voc)
Stopping at filesystem boundary (GIT_DISCOVERY_ACROSS_FILESYSTEM not set).
2026-09-10 19:44:36.061 [info] > git rev-parse --show-toplevel [2ms]
2026-09-10 19:44:36.061 [info] fatal: not a git repository (or any parent up to mount point /voc)
Stopping at filesystem boundary (GIT_DISCOVERY_ACROSS_FILESYSTEM not set).
2026-09-10 19:44:36.067 [info] > git rev-parse --show-toplevel [3ms]
2026-09-10 19:44:36.067 [info] fatal: not a git repository (or any parent up to mount point /voc)
Stopping at filesystem boundary (GIT_DISCOVERY_ACROSS_FILESYSTEM not set).
2026-09-10 19:45:05.774 [info] > git rev-parse --show-toplevel [1ms]
2026-09-10 19:45:05.774 [info] fatal: not a git repository (or any parent up to mount point /voc)
Stopping at filesystem boundary (GIT_DISCOVERY_ACROSS_FILESYSTEM not set).
2026-09-10 19:45:23.888 [info] > git rev-parse --show-toplevel [2ms]
2026-09-10 19:45:23.888 [info] fatal: not a git repository (or any parent up to mount point /voc)
Stopping at filesystem boundary (GIT_DISCOVERY_ACROSS_FILESYSTEM not set).
2026-09-10 19:45:23.893 [info] > git rev-parse --show-toplevel [3ms]
2026-09-10 19:45:23.893 [info] fatal: not a git repository (or any parent up to mount point /voc)
Stopping at filesystem boundary (GIT_DISCOVERY_ACROSS_FILESYSTEM not set).
2026-09-10 19:45:27.612 [info] > git rev-parse --show-toplevel [2ms]
2026-09-10 19:45:27.612 [info] fatal: not a git repository (or any parent up to mount point /voc)
Stopping at filesystem boundary (GIT_DISCOVERY_ACROSS_FILESYSTEM not set).
2026-09-10 19:45:32.419 [info] > git rev-parse --show-toplevel [2ms]
2026-09-10 19:45:32.419 [info] fatal: not a git repository (or any parent up to mount point /voc)
Stopping at filesystem boundary (GIT_DISCOVERY_ACROSS_FILESYSTEM not set).
2026-09-10 19:45:32.424 [info] > git rev-parse --show-toplevel [3ms]
2026-09-10 19:45:32.424 [info] fatal: not a git repository (or any parent up to mount point /voc)
Stopping at filesystem boundary (GIT_DISCOVERY_ACROSS_FILESYSTEM not set).
2026-09-10 19:45:36.714 [info] > git rev-parse --show-toplevel [2ms]
2026-09-10 19:45:36.714 [info] fatal: not a git repository (or any parent up to mount point /voc)
Stopping at filesystem boundary (GIT_DISCOVERY_ACROSS_FILESYSTEM not set).
2026-09-10 19:46:19.544 [info] > git rev-parse --show-toplevel [2ms]
2026-09-10 19:46:19.544 [info] fatal: not a git repository (or any parent up to mount point /voc)
Stopping at filesystem boundary (GIT_DISCOVERY_ACROSS_FILESYSTEM not set).
2026-09-10 19:46:19.552 [info] > git rev-parse --show-toplevel [5ms]
2026-09-10 19:46:19.552 [info] fatal: not a git repository (or any parent up to mount point /voc)
Stopping at filesystem boundary (GIT_DISCOVERY_ACROSS_FILESYSTEM not set).
2026-09-10 19:46:25.161 [info] > git rev-parse --show-toplevel [1ms]
2026-09-10 19:46:25.161 [info] fatal: not a git repository (or any parent up to mount point /voc)
Stopping at filesystem boundary (GIT_DISCOVERY_ACROSS_FILESYSTEM not set).
2026-09-10 19:46:47.595 [info] > git rev-parse --show-toplevel [6ms]
2026-09-10 19:46:47.595 [info] fatal: not a git repository (or any parent up to mount point /voc)
Stopping at filesystem boundary (GIT_DISCOVERY_ACROSS_FILESYSTEM not set).
2026-09-10 19:48:23.666 [info] > git rev-parse --show-toplevel [2ms]
2026-09-10 19:48:23.667 [info] fatal: not a git repository (or any parent up to mount point /voc)
Stopping at filesystem boundary (GIT_DISCOVERY_ACROSS_FILESYSTEM not set).
2026-09-10 19:51:22.106 [info] > git rev-parse --show-toplevel [2ms]
2026-09-10 19:51:22.108 [info] fatal: not a git repository (or any parent up to mount point /voc)
Stopping at filesystem boundary (GIT_DISCOVERY_ACROSS_FILESYSTEM not set).
2026-09-10 19:51:22.114 [info] > git rev-parse --show-toplevel [4ms]
2026-09-10 19:51:22.114 [info] fatal: not a git repository (or any parent up to mount point /voc)
Stopping at filesystem boundary (GIT_DISCOVERY_ACROSS_FILESYSTEM not set).
2026-09-10 19:51:50.708 [info] > git rev-parse --show-toplevel [1ms]
2026-09-10 19:51:50.709 [info] fatal: not a git repository (or any parent up to mount point /voc)
Stopping at filesystem boundary (GIT_DISCOVERY_ACROSS_FILESYSTEM not set).
2026-09-10 19:53:18.083 [info] > git rev-parse --show-toplevel [2ms]
2026-09-10 19:53:18.085 [info] fatal: not a git repository (or any parent up to mount point /voc)
Stopping at filesystem boundary (GIT_DISCOVERY_ACROSS_FILESYSTEM not set).
2026-09-10 19:53:24.173 [info] > git rev-parse --show-toplevel [9ms]
2026-09-10 19:53:24.173 [info] fatal: not a git repository (or any parent up to mount point /voc)
Stopping at filesystem boundary (GIT_DISCOVERY_ACROSS_FILESYSTEM not set).
2026-09-10 19:53:24.185 [info] > git rev-parse --show-toplevel [5ms]
2026-09-10 19:53:24.185 [info] fatal: not a git repository (or any parent up to mount point /voc)
Stopping at filesystem boundary (GIT_DISCOVERY_ACROSS_FILESYSTEM not set).
2026-09-10 19:53:34.533 [info] > git rev-parse --show-toplevel [1ms]
2026-09-10 19:53:34.533 [info] fatal: not a git repository (or any parent up to mount point /voc)
Stopping at filesystem boundary (GIT_DISCOVERY_ACROSS_FILESYSTEM not set).
2026-09-10 20:00:30.578 [info] > git rev-parse --show-toplevel [2ms]
2026-09-10 20:00:30.579 [info] fatal: not a git repository (or any parent up to mount point /voc)
Stopping at filesystem boundary (GIT_DISCOVERY_ACROSS_FILESYSTEM not set).
2026-09-10 20:01:12.053 [info] > git rev-parse --show-toplevel [3ms]
2026-09-10 20:01:12.053 [info] fatal: not a git repository (or any parent up to mount point /voc)
Stopping at filesystem boundary (GIT_DISCOVERY_ACROSS_FILESYSTEM not set).
2026-09-10 20:01:12.059 [info] > git rev-parse --show-toplevel [4ms]
2026-09-10 20:01:12.059 [info] fatal: not a git repository (or any parent up to mount point /voc)
Stopping at filesystem boundary (GIT_DISCOVERY_ACROSS_FILESYSTEM not set).
2026-09-10 20:01:17.046 [info] > git rev-parse --show-toplevel [2ms]
2026-09-10 20:01:17.046 [info] fatal: not a git repository (or any parent up to mount point /voc)
Stopping at filesystem boundary (GIT_DISCOVERY_ACROSS_FILESYSTEM not set).
2026-09-10 20:02:31.948 [info] > git rev-parse --show-toplevel [5ms]
2026-09-10 20:02:31.950 [info] fatal: not a git repository (or any parent up to mount point /voc)
Stopping at filesystem boundary (GIT_DISCOVERY_ACROSS_FILESYSTEM not set).
2026-09-10 20:02:31.956 [info] > git rev-parse --show-toplevel [3ms]
2026-09-10 20:02:31.956 [info] fatal: not a git repository (or any parent up to mount point /voc)
Stopping at filesystem boundary (GIT_DISCOVERY_ACROSS_FILESYSTEM not set).
2026-09-10 20:03:02.682 [info] > git rev-parse --show-toplevel [7ms]
2026-09-10 20:03:02.682 [info] fatal: not a git repository (or any parent up to mount point /voc)
Stopping at filesystem boundary (GIT_DISCOVERY_ACROSS_FILESYSTEM not set).
2026-09-10 20:03:09.932 [info] > git rev-parse --show-toplevel [3ms]
2026-09-10 20:03:09.932 [info] fatal: not a git repository (or any parent up to mount point /voc)
Stopping at filesystem boundary (GIT_DISCOVERY_ACROSS_FILESYSTEM not set).
2026-09-10 20:03:09.937 [info] > git rev-parse --show-toplevel [2ms]
2026-09-10 20:03:09.937 [info] fatal: not a git repository (or any parent up to mount point /voc)
Stopping at filesystem boundary (GIT_DISCOVERY_ACROSS_FILESYSTEM not set).
2026-09-10 20:03:18.739 [info] > git rev-parse --show-toplevel [1ms]
2026-09-10 20:03:18.739 [info] fatal: not a git repository (or any parent up to mount point /voc)
Stopping at filesystem boundary (GIT_DISCOVERY_ACROSS_FILESYSTEM not set).
2026-09-10 20:05:40.035 [info] > git rev-parse --show-toplevel [2ms]
2026-09-10 20:05:40.036 [info] fatal: not a git repository (or any parent up to mount point /voc)
Stopping at filesystem boundary (GIT_DISCOVERY_ACROSS_FILESYSTEM not set).
2026-09-10 20:05:47.427 [info] > git rev-parse --show-toplevel [7ms]
2026-09-10 20:05:47.427 [info] fatal: not a git repository (or any parent up to mount point /voc)
Stopping at filesystem boundary (GIT_DISCOVERY_ACROSS_FILESYSTEM not set).
2026-09-10 20:05:47.434 [info] > git rev-parse --show-toplevel [2ms]
2026-09-10 20:05:47.434 [info] fatal: not a git repository (or any parent up to mount point /voc)
Stopping at filesystem boundary (GIT_DISCOVERY_ACROSS_FILESYSTEM not set).
2026-09-10 20:05:52.192 [info] > git rev-parse --show-toplevel [2ms]
2026-09-10 20:05:52.192 [info] fatal: not a git repository (or any parent up to mount point /voc)
Stopping at filesystem boundary (GIT_DISCOVERY_ACROSS_FILESYSTEM not set).
2026-09-10 20:07:22.218 [info] > git rev-parse --show-toplevel [2ms]
2026-09-10 20:07:22.220 [info] fatal: not a git repository (or any parent up to mount point /voc)
Stopping at filesystem boundary (GIT_DISCOVERY_ACROSS_FILESYSTEM not set).
2026-09-10 20:07:58.362 [info] > git rev-parse --show-toplevel [7ms]
2026-09-10 20:07:58.362 [info] fatal: not a git repository (or any parent up to mount point /voc)
Stopping at filesystem boundary (GIT_DISCOVERY_ACROSS_FILESYSTEM not set).
2026-09-10 20:08:15.735 [info] > git rev-parse --show-toplevel [6ms]
2026-09-10 20:08:15.735 [info] fatal: not a git repository (or any parent up to mount point /voc)
Stopping at filesystem boundary (GIT_DISCOVERY_ACROSS_FILESYSTEM not set).
