2026-09-08 15:21:23.337 [info] [main] Log level: Info
2026-09-08 15:21:23.338 [info] [main] Validating found git in: "git"
2026-09-08 15:21:23.338 [info] [main] Using git "2.25.1" from "git"
2026-09-08 15:21:23.338 [info] [Model][doInitialScan] Initial repository scan started
2026-09-08 15:21:23.338 [info] > git rev-parse --show-toplevel [49ms]
2026-09-08 15:21:23.338 [info] fatal: not a git repository (or any parent up to mount point /voc)
Stopping at filesystem boundary (GIT_DISCOVERY_ACROSS_FILESYSTEM not set).
2026-09-08 15:21:23.338 [info] > git rev-parse --show-toplevel [2ms]
2026-09-08 15:21:23.338 [info] fatal: not a git repository (or any parent up to mount point /voc)
Stopping at filesystem boundary (GIT_DISCOVERY_ACROSS_FILESYSTEM not set).
2026-09-08 15:21:23.338 [info] > git rev-parse --show-toplevel [5ms]
2026-09-08 15:21:23.338 [info] fatal: not a git repository (or any parent up to mount point /voc)
Stopping at filesystem boundary (GIT_DISCOVERY_ACROSS_FILESYSTEM not set).
2026-09-08 15:21:23.338 [info] > git rev-parse --show-toplevel [6ms]
2026-09-08 15:21:23.338 [info] fatal: not a git repository (or any parent up to mount point /voc)
Stopping at filesystem boundary (GIT_DISCOVERY_ACROSS_FILESYSTEM not set).
2026-09-08 15:21:23.338 [info] > git rev-parse --show-toplevel [2ms]
2026-09-08 15:21:23.338 [info] fatal: not a git repository (or any parent up to mount point /voc)
Stopping at filesystem boundary (GIT_DISCOVERY_ACROSS_FILESYSTEM not set).
2026-09-08 15:21:23.338 [info] > git rev-parse --show-toplevel [2ms]
2026-09-08 15:21:23.338 [info] fatal: not a git repository (or any parent up to mount point /voc)
Stopping at filesystem boundary (GIT_DISCOVERY_ACROSS_FILESYSTEM not set).
2026-09-08 15:21:23.338 [info] > git rev-parse --show-toplevel [2ms]
2026-09-08 15:21:23.338 [info] fatal: not a git repository (or any parent up to mount point /voc)
Stopping at filesystem boundary (GIT_DISCOVERY_ACROSS_FILESYSTEM not set).
2026-09-08 15:21:23.338 [info] > git rev-parse --show-toplevel [2ms]
2026-09-08 15:21:23.338 [info] fatal: not a git repository (or any parent up to mount point /voc)
Stopping at filesystem boundary (GIT_DISCOVERY_ACROSS_FILESYSTEM not set).
2026-09-08 15:21:23.338 [info] > git rev-parse --show-toplevel [660ms]
2026-09-08 15:21:23.338 [info] fatal: not a git repository (or any parent up to mount point /voc)
Stopping at filesystem boundary (GIT_DISCOVERY_ACROSS_FILESYSTEM not set).
2026-09-08 15:21:23.338 [info] > git rev-parse --show-toplevel [5ms]
2026-09-08 15:21:23.338 [info] fatal: not a git repository (or any parent up to mount point /voc)
Stopping at filesystem boundary (GIT_DISCOVERY_ACROSS_FILESYSTEM not set).
2026-09-08 15:21:23.338 [info] > git rev-parse --show-toplevel [6ms]
2026-09-08 15:21:23.338 [info] fatal: not a git repository (or any parent up to mount point /voc)
Stopping at filesystem boundary (GIT_DISCOVERY_ACROSS_FILESYSTEM not set).
2026-09-08 15:21:23.338 [info] [Model][doInitialScan] Initial repository scan completed - repositories (0), closed repositories (0), parent repositories (0), unsafe repositories (0)
2026-09-08 15:21:23.366 [info] > git rev-parse --show-toplevel [2ms]
2026-09-08 15:21:23.366 [info] fatal: not a git repository (or any parent up to mount point /voc)
Stopping at filesystem boundary (GIT_DISCOVERY_ACROSS_FILESYSTEM not set).
2026-09-08 15:21:23.486 [info] > git rev-parse --show-toplevel [2ms]
2026-09-08 15:21:23.486 [info] fatal: not a git repository (or any parent up to mount point /voc)
Stopping at filesystem boundary (GIT_DISCOVERY_ACROSS_FILESYSTEM not set).
2026-09-08 15:22:15.712 [info] > git rev-parse --show-toplevel [2ms]
2026-09-08 15:22:15.714 [info] fatal: not a git repository (or any parent up to mount point /voc)
Stopping at filesystem boundary (GIT_DISCOVERY_ACROSS_FILESYSTEM not set).
2026-09-08 15:23:12.421 [info] > git rev-parse --show-toplevel [5ms]
2026-09-08 15:23:12.422 [info] fatal: not a git repository (or any parent up to mount point /voc)
Stopping at filesystem boundary (GIT_DISCOVERY_ACROSS_FILESYSTEM not set).
