2026-09-16 03:13:08.826 [info] Telemetry level is off
2026-09-16 03:13:08.826 [info] Experiments are disabled, only manually opted experiments are active.
2026-09-16 03:13:08.826 [warning] Dir "/voc/work/.pixi/envs" is not watchable (directory does not exist)
2026-09-16 03:13:08.826 [info] Starting Environment refresh
2026-09-16 03:13:08.826 [info] Searching for interpreters in posix paths locator
2026-09-16 03:13:08.826 [info] Searching for pyenv environments
2026-09-16 03:13:08.826 [info] Searching for conda environments
2026-09-16 03:13:08.826 [info] Searching for global virtual environments
2026-09-16 03:13:08.826 [info] Searching for custom virtual environments
2026-09-16 03:13:08.826 [info] Skipping ActivatedEnv Detection:  process.env.VSCODE_CLI !== '1'
2026-09-16 03:13:08.826 [info] Skipping ActivatedEnv Detection:  process.env.VSCODE_CLI !== '1'
2026-09-16 03:13:08.826 [info] Finished searching for custom virtual envs: 9 milliseconds
2026-09-16 03:13:08.826 [info] pyenv is not installed
2026-09-16 03:13:08.826 [info] Finished searching for pyenv environments: 10 milliseconds
2026-09-16 03:13:08.826 [info] > conda info --json
2026-09-16 03:13:08.826 [info] > hatch env show --json
2026-09-16 03:13:08.826 [info] cwd: .
2026-09-16 03:13:08.826 [info] > pyenv which python
2026-09-16 03:13:08.826 [info] cwd: .
2026-09-16 03:13:08.826 [info] Finished searching for global virtual envs: 22 milliseconds
2026-09-16 03:13:08.826 [info] Found: /bin/python --> /bin/python3.10
2026-09-16 03:13:08.826 [info] Found: /bin/python3 --> /bin/python3.10
2026-09-16 03:13:08.826 [info] Found: /bin/python3.10 --> /bin/python3.10
2026-09-16 03:13:08.827 [info] Found: /bin/python3.8 --> /bin/python3.8
2026-09-16 03:13:08.884 [info] > ./.venv/bin/python -I /usr/local/lib/code-server-4.103.2/lib/vscode/extensions/ms-python.python-2025.12.0/python_files/get_output_via_markers.py /usr/local/lib/code-server-4.103.2/lib/vscode/extensions/ms-python.python-2025.12.0/python_files/interpreterInfo.py
2026-09-16 03:13:08.958 [info] Found: /usr/bin/python --> /usr/bin/python3.10
2026-09-16 03:13:08.958 [info] Found: /usr/bin/python3 --> /usr/bin/python3.10
2026-09-16 03:13:08.958 [info] Found: /usr/bin/python3.10 --> /usr/bin/python3.10
2026-09-16 03:13:08.958 [info] Found: /usr/bin/python3.8 --> /usr/bin/python3.8
2026-09-16 03:13:09.538 [info] > /bin/python -I /usr/local/lib/code-server-4.103.2/lib/vscode/extensions/ms-python.python-2025.12.0/python_files/get_output_via_markers.py /usr/local/lib/code-server-4.103.2/lib/vscode/extensions/ms-python.python-2025.12.0/python_files/interpreterInfo.py
2026-09-16 03:13:09.544 [info] > /bin/python3.8 -I /usr/local/lib/code-server-4.103.2/lib/vscode/extensions/ms-python.python-2025.12.0/python_files/get_output_via_markers.py /usr/local/lib/code-server-4.103.2/lib/vscode/extensions/ms-python.python-2025.12.0/python_files/interpreterInfo.py
2026-09-16 03:13:09.549 [info] Finished searching for interpreters in posix paths locator: 778 milliseconds
2026-09-16 03:13:09.554 [info] Environments refresh paths discovered (event): 783 milliseconds
2026-09-16 03:13:09.554 [info] Environments refresh paths discovered: 783 milliseconds
2026-09-16 03:13:09.574 [info] > /usr/bin/python -I /usr/local/lib/code-server-4.103.2/lib/vscode/extensions/ms-python.python-2025.12.0/python_files/get_output_via_markers.py /usr/local/lib/code-server-4.103.2/lib/vscode/extensions/ms-python.python-2025.12.0/python_files/interpreterInfo.py
2026-09-16 03:13:09.604 [info] > /usr/bin/python3.8 -I /usr/local/lib/code-server-4.103.2/lib/vscode/extensions/ms-python.python-2025.12.0/python_files/get_output_via_markers.py /usr/local/lib/code-server-4.103.2/lib/vscode/extensions/ms-python.python-2025.12.0/python_files/interpreterInfo.py
2026-09-16 03:13:12.723 [info] Environments refresh finished (event): 3952 milliseconds
2026-09-16 03:13:12.730 [info] Environment refresh took 3959 milliseconds
2026-09-16 03:13:12.732 [info] Python interpreter path: ./.venv/bin/python
2026-09-16 03:13:15.638 [info] Starting Jedi language server for work.
2026-09-16 03:13:54.850 [info] Send text to terminal: source /voc/work/.venv/bin/activate
