2026-09-11 07:20:55.108 [info] Telemetry level is off
2026-09-11 07:20:55.108 [info] Experiments are disabled, only manually opted experiments are active.
2026-09-11 07:20:55.108 [warning] Dir "/voc/work/.pixi/envs" is not watchable (directory does not exist)
2026-09-11 07:20:55.108 [info] Starting Environment refresh
2026-09-11 07:20:55.108 [info] Searching for interpreters in posix paths locator
2026-09-11 07:20:55.108 [info] Searching for pyenv environments
2026-09-11 07:20:55.108 [info] Searching for conda environments
2026-09-11 07:20:55.108 [info] Searching for global virtual environments
2026-09-11 07:20:55.108 [info] Searching for custom virtual environments
2026-09-11 07:20:55.108 [info] Skipping ActivatedEnv Detection:  process.env.VSCODE_CLI !== '1'
2026-09-11 07:20:55.108 [info] Skipping ActivatedEnv Detection:  process.env.VSCODE_CLI !== '1'
2026-09-11 07:20:55.108 [info] Finished searching for custom virtual envs: 11 milliseconds
2026-09-11 07:20:55.108 [info] pyenv is not installed
2026-09-11 07:20:55.108 [info] Finished searching for pyenv environments: 11 milliseconds
2026-09-11 07:20:55.108 [info] > conda info --json
2026-09-11 07:20:55.108 [info] > hatch env show --json
2026-09-11 07:20:55.108 [info] cwd: .
2026-09-11 07:20:55.108 [info] > pyenv which python
2026-09-11 07:20:55.108 [info] cwd: .
2026-09-11 07:20:55.108 [info] Finished searching for global virtual envs: 27 milliseconds
2026-09-11 07:20:55.108 [info] Found: /bin/python --> /bin/python3.10
2026-09-11 07:20:55.108 [info] Found: /bin/python3 --> /bin/python3.10
2026-09-11 07:20:55.108 [info] Found: /bin/python3.10 --> /bin/python3.10
2026-09-11 07:20:55.108 [info] Found: /bin/python3.8 --> /bin/python3.8
2026-09-11 07:20:55.138 [info] Found: /usr/bin/python --> /usr/bin/python3.10
2026-09-11 07:20:55.143 [info] Found: /usr/bin/python3 --> /usr/bin/python3.10
2026-09-11 07:20:55.144 [info] Found: /usr/bin/python3.10 --> /usr/bin/python3.10
2026-09-11 07:20:55.145 [info] Found: /usr/bin/python3.8 --> /usr/bin/python3.8
2026-09-11 07:20:55.159 [info] > ./.venv/bin/python -I /usr/local/lib/code-server-4.103.2/lib/vscode/extensions/ms-python.python-2025.12.0/python_files/get_output_via_markers.py /usr/local/lib/code-server-4.103.2/lib/vscode/extensions/ms-python.python-2025.12.0/python_files/interpreterInfo.py
2026-09-11 07:20:55.169 [info] > /bin/python -I /usr/local/lib/code-server-4.103.2/lib/vscode/extensions/ms-python.python-2025.12.0/python_files/get_output_via_markers.py /usr/local/lib/code-server-4.103.2/lib/vscode/extensions/ms-python.python-2025.12.0/python_files/interpreterInfo.py
2026-09-11 07:20:55.184 [info] Finished searching for interpreters in posix paths locator: 123 milliseconds
2026-09-11 07:20:55.207 [info] > /bin/python3.8 -I /usr/local/lib/code-server-4.103.2/lib/vscode/extensions/ms-python.python-2025.12.0/python_files/get_output_via_markers.py /usr/local/lib/code-server-4.103.2/lib/vscode/extensions/ms-python.python-2025.12.0/python_files/interpreterInfo.py
2026-09-11 07:20:55.242 [info] > /usr/bin/python -I /usr/local/lib/code-server-4.103.2/lib/vscode/extensions/ms-python.python-2025.12.0/python_files/get_output_via_markers.py /usr/local/lib/code-server-4.103.2/lib/vscode/extensions/ms-python.python-2025.12.0/python_files/interpreterInfo.py
2026-09-11 07:20:55.266 [info] > /usr/bin/python3.8 -I /usr/local/lib/code-server-4.103.2/lib/vscode/extensions/ms-python.python-2025.12.0/python_files/get_output_via_markers.py /usr/local/lib/code-server-4.103.2/lib/vscode/extensions/ms-python.python-2025.12.0/python_files/interpreterInfo.py
2026-09-11 07:20:55.276 [info] Environments refresh paths discovered (event): 215 milliseconds
2026-09-11 07:20:55.276 [info] Environments refresh paths discovered: 216 milliseconds
2026-09-11 07:20:55.301 [info] Environments refresh finished (event): 241 milliseconds
2026-09-11 07:20:55.311 [info] Environment refresh took 249 milliseconds
2026-09-11 07:20:55.318 [info] Python interpreter path: ./.venv/bin/python
2026-09-11 07:20:56.382 [info] Starting Jedi language server for work.
2026-09-11 07:35:50.023 [info] Send text to terminal: source /voc/work/.venv/bin/activate
2026-09-11 07:38:07.286 [info] Send text to terminal: source /voc/work/.venv/bin/activate
