2026-09-08 15:00:20.442 [info] [main] Log level: Info
2026-09-08 15:00:20.442 [info] [main] Validating found git in: "git"
2026-09-08 15:00:20.442 [info] [main] Using git "2.25.1" from "git"
2026-09-08 15:00:20.442 [info] [Model][doInitialScan] Initial repository scan started
2026-09-08 15:00:20.442 [info] > git rev-parse --show-toplevel [5ms]
2026-09-08 15:00:20.442 [info] fatal: not a git repository (or any parent up to mount point /voc)
Stopping at filesystem boundary (GIT_DISCOVERY_ACROSS_FILESYSTEM not set).
2026-09-08 15:00:20.442 [info] > git rev-parse --show-toplevel [3ms]
2026-09-08 15:00:20.442 [info] fatal: not a git repository (or any parent up to mount point /voc)
Stopping at filesystem boundary (GIT_DISCOVERY_ACROSS_FILESYSTEM not set).
2026-09-08 15:00:20.442 [info] > git rev-parse --show-toplevel [2ms]
2026-09-08 15:00:20.442 [info] fatal: not a git repository (or any parent up to mount point /voc)
Stopping at filesystem boundary (GIT_DISCOVERY_ACROSS_FILESYSTEM not set).
2026-09-08 15:00:20.442 [info] > git rev-parse --show-toplevel [6ms]
2026-09-08 15:00:20.442 [info] fatal: not a git repository (or any parent up to mount point /voc)
Stopping at filesystem boundary (GIT_DISCOVERY_ACROSS_FILESYSTEM not set).
2026-09-08 15:00:20.442 [info] > git rev-parse --show-toplevel [2ms]
2026-09-08 15:00:20.442 [info] fatal: not a git repository (or any parent up to mount point /voc)
Stopping at filesystem boundary (GIT_DISCOVERY_ACROSS_FILESYSTEM not set).
2026-09-08 15:00:20.442 [info] > git rev-parse --show-toplevel [2ms]
2026-09-08 15:00:20.442 [info] fatal: not a git repository (or any parent up to mount point /voc)
Stopping at filesystem boundary (GIT_DISCOVERY_ACROSS_FILESYSTEM not set).
2026-09-08 15:00:20.442 [info] > git rev-parse --show-toplevel [2ms]
2026-09-08 15:00:20.442 [info] fatal: not a git repository (or any parent up to mount point /voc)
Stopping at filesystem boundary (GIT_DISCOVERY_ACROSS_FILESYSTEM not set).
2026-09-08 15:00:20.442 [info] > git rev-parse --show-toplevel [2ms]
2026-09-08 15:00:20.442 [info] fatal: not a git repository (or any parent up to mount point /voc)
Stopping at filesystem boundary (GIT_DISCOVERY_ACROSS_FILESYSTEM not set).
2026-09-08 15:00:20.442 [info] > git rev-parse --show-toplevel [2ms]
2026-09-08 15:00:20.442 [info] fatal: not a git repository (or any parent up to mount point /voc)
Stopping at filesystem boundary (GIT_DISCOVERY_ACROSS_FILESYSTEM not set).
2026-09-08 15:00:20.442 [info] > git rev-parse --show-toplevel [2ms]
2026-09-08 15:00:20.442 [info] fatal: not a git repository (or any parent up to mount point /voc)
Stopping at filesystem boundary (GIT_DISCOVERY_ACROSS_FILESYSTEM not set).
2026-09-08 15:00:20.442 [info] > git rev-parse --show-toplevel [1ms]
2026-09-08 15:00:20.442 [info] fatal: not a git repository (or any parent up to mount point /voc)
Stopping at filesystem boundary (GIT_DISCOVERY_ACROSS_FILESYSTEM not set).
2026-09-08 15:00:20.442 [info] > git rev-parse --show-toplevel [2ms]
2026-09-08 15:00:20.442 [info] fatal: not a git repository (or any parent up to mount point /voc)
Stopping at filesystem boundary (GIT_DISCOVERY_ACROSS_FILESYSTEM not set).
2026-09-08 15:00:20.442 [info] [Model][doInitialScan] Initial repository scan completed - repositories (0), closed repositories (0), parent repositories (0), unsafe repositories (0)
2026-09-08 15:00:21.189 [info] > git rev-parse --show-toplevel [44ms]
2026-09-08 15:00:21.189 [info] fatal: not a git repository (or any parent up to mount point /voc)
Stopping at filesystem boundary (GIT_DISCOVERY_ACROSS_FILESYSTEM not set).
2026-09-08 15:00:21.532 [info] > git rev-parse --show-toplevel [15ms]
2026-09-08 15:00:21.532 [info] fatal: not a git repository (or any parent up to mount point /voc)
Stopping at filesystem boundary (GIT_DISCOVERY_ACROSS_FILESYSTEM not set).
