2026-09-08 15:06:47.257 [info] [main] Log level: Info
2026-09-08 15:06:47.257 [info] [main] Validating found git in: "git"
2026-09-08 15:06:47.257 [info] [main] Using git "2.25.1" from "git"
2026-09-08 15:06:47.257 [info] [Model][doInitialScan] Initial repository scan started
2026-09-08 15:06:47.257 [info] > git rev-parse --show-toplevel [2ms]
2026-09-08 15:06:47.257 [info] fatal: not a git repository (or any parent up to mount point /voc)
Stopping at filesystem boundary (GIT_DISCOVERY_ACROSS_FILESYSTEM not set).
2026-09-08 15:06:47.257 [info] > git rev-parse --show-toplevel [1ms]
2026-09-08 15:06:47.257 [info] fatal: not a git repository (or any parent up to mount point /voc)
Stopping at filesystem boundary (GIT_DISCOVERY_ACROSS_FILESYSTEM not set).
2026-09-08 15:06:47.257 [info] > git rev-parse --show-toplevel [2ms]
2026-09-08 15:06:47.257 [info] fatal: not a git repository (or any parent up to mount point /voc)
Stopping at filesystem boundary (GIT_DISCOVERY_ACROSS_FILESYSTEM not set).
2026-09-08 15:06:47.257 [info] > git rev-parse --show-toplevel [2ms]
2026-09-08 15:06:47.257 [info] fatal: not a git repository (or any parent up to mount point /voc)
Stopping at filesystem boundary (GIT_DISCOVERY_ACROSS_FILESYSTEM not set).
2026-09-08 15:06:47.257 [info] > git rev-parse --show-toplevel [1ms]
2026-09-08 15:06:47.257 [info] fatal: not a git repository (or any parent up to mount point /voc)
Stopping at filesystem boundary (GIT_DISCOVERY_ACROSS_FILESYSTEM not set).
2026-09-08 15:06:47.257 [info] > git rev-parse --show-toplevel [2ms]
2026-09-08 15:06:47.257 [info] fatal: not a git repository (or any parent up to mount point /voc)
Stopping at filesystem boundary (GIT_DISCOVERY_ACROSS_FILESYSTEM not set).
2026-09-08 15:06:47.257 [info] > git rev-parse --show-toplevel [1ms]
2026-09-08 15:06:47.257 [info] fatal: not a git repository (or any parent up to mount point /voc)
Stopping at filesystem boundary (GIT_DISCOVERY_ACROSS_FILESYSTEM not set).
2026-09-08 15:06:47.257 [info] > git rev-parse --show-toplevel [2ms]
2026-09-08 15:06:47.257 [info] fatal: not a git repository (or any parent up to mount point /voc)
Stopping at filesystem boundary (GIT_DISCOVERY_ACROSS_FILESYSTEM not set).
2026-09-08 15:06:47.257 [info] > git rev-parse --show-toplevel [1ms]
2026-09-08 15:06:47.257 [info] fatal: not a git repository (or any parent up to mount point /voc)
Stopping at filesystem boundary (GIT_DISCOVERY_ACROSS_FILESYSTEM not set).
2026-09-08 15:06:47.257 [info] > git rev-parse --show-toplevel [2ms]
2026-09-08 15:06:47.257 [info] fatal: not a git repository (or any parent up to mount point /voc)
Stopping at filesystem boundary (GIT_DISCOVERY_ACROSS_FILESYSTEM not set).
2026-09-08 15:06:47.257 [info] > git rev-parse --show-toplevel [1ms]
2026-09-08 15:06:47.257 [info] fatal: not a git repository (or any parent up to mount point /voc)
Stopping at filesystem boundary (GIT_DISCOVERY_ACROSS_FILESYSTEM not set).
2026-09-08 15:06:47.257 [info] > git rev-parse --show-toplevel [2ms]
2026-09-08 15:06:47.257 [info] fatal: not a git repository (or any parent up to mount point /voc)
Stopping at filesystem boundary (GIT_DISCOVERY_ACROSS_FILESYSTEM not set).
2026-09-08 15:06:47.257 [info] [Model][doInitialScan] Initial repository scan completed - repositories (0), closed repositories (0), parent repositories (0), unsafe repositories (0)
2026-09-08 15:06:47.258 [info] > git rev-parse --show-toplevel [17ms]
2026-09-08 15:06:47.258 [info] fatal: not a git repository (or any parent up to mount point /voc)
Stopping at filesystem boundary (GIT_DISCOVERY_ACROSS_FILESYSTEM not set).
2026-09-08 15:06:47.598 [info] > git rev-parse --show-toplevel [14ms]
2026-09-08 15:06:47.598 [info] fatal: not a git repository (or any parent up to mount point /voc)
Stopping at filesystem boundary (GIT_DISCOVERY_ACROSS_FILESYSTEM not set).
