2026-09-04 03:45:48.825 [info] [main] Log level: Info
2026-09-04 03:45:48.825 [info] [main] Validating found git in: "git"
2026-09-04 03:45:48.825 [info] [main] Using git "2.25.1" from "git"
2026-09-04 03:45:48.825 [info] [Model][doInitialScan] Initial repository scan started
2026-09-04 03:45:48.825 [info] > git rev-parse --show-toplevel [5ms]
2026-09-04 03:45:48.825 [info] fatal: not a git repository (or any parent up to mount point /voc)
Stopping at filesystem boundary (GIT_DISCOVERY_ACROSS_FILESYSTEM not set).
2026-09-04 03:45:48.825 [info] > git rev-parse --show-toplevel [8ms]
2026-09-04 03:45:48.825 [info] fatal: not a git repository (or any parent up to mount point /voc)
Stopping at filesystem boundary (GIT_DISCOVERY_ACROSS_FILESYSTEM not set).
2026-09-04 03:45:48.825 [info] > git rev-parse --show-toplevel [9ms]
2026-09-04 03:45:48.825 [info] fatal: not a git repository (or any parent up to mount point /voc)
Stopping at filesystem boundary (GIT_DISCOVERY_ACROSS_FILESYSTEM not set).
2026-09-04 03:45:48.825 [info] > git rev-parse --show-toplevel [8ms]
2026-09-04 03:45:48.825 [info] fatal: not a git repository (or any parent up to mount point /voc)
Stopping at filesystem boundary (GIT_DISCOVERY_ACROSS_FILESYSTEM not set).
2026-09-04 03:45:48.825 [info] > git rev-parse --show-toplevel [7ms]
2026-09-04 03:45:48.825 [info] fatal: not a git repository (or any parent up to mount point /voc)
Stopping at filesystem boundary (GIT_DISCOVERY_ACROSS_FILESYSTEM not set).
2026-09-04 03:45:48.825 [info] > git rev-parse --show-toplevel [6ms]
2026-09-04 03:45:48.825 [info] fatal: not a git repository (or any parent up to mount point /voc)
Stopping at filesystem boundary (GIT_DISCOVERY_ACROSS_FILESYSTEM not set).
2026-09-04 03:45:48.825 [info] > git rev-parse --show-toplevel [5ms]
2026-09-04 03:45:48.825 [info] fatal: not a git repository (or any parent up to mount point /voc)
Stopping at filesystem boundary (GIT_DISCOVERY_ACROSS_FILESYSTEM not set).
2026-09-04 03:45:48.825 [info] [Model][doInitialScan] Initial repository scan completed - repositories (0), closed repositories (0), parent repositories (0), unsafe repositories (0)
2026-09-04 03:45:49.746 [info] > git rev-parse --show-toplevel [18ms]
2026-09-04 03:45:49.746 [info] fatal: not a git repository (or any parent up to mount point /voc)
Stopping at filesystem boundary (GIT_DISCOVERY_ACROSS_FILESYSTEM not set).
2026-09-04 03:45:50.842 [info] > git rev-parse --show-toplevel [3ms]
2026-09-04 03:45:50.842 [info] fatal: not a git repository (or any parent up to mount point /voc)
Stopping at filesystem boundary (GIT_DISCOVERY_ACROSS_FILESYSTEM not set).
2026-09-04 03:46:02.231 [info] > git rev-parse --show-toplevel [6ms]
2026-09-04 03:46:02.233 [info] fatal: not a git repository (or any parent up to mount point /voc)
Stopping at filesystem boundary (GIT_DISCOVERY_ACROSS_FILESYSTEM not set).
2026-09-04 03:46:02.409 [info] > git rev-parse --show-toplevel [8ms]
2026-09-04 03:46:02.409 [info] fatal: not a git repository (or any parent up to mount point /voc)
Stopping at filesystem boundary (GIT_DISCOVERY_ACROSS_FILESYSTEM not set).
2026-09-04 03:46:03.686 [info] > git rev-parse --show-toplevel [8ms]
2026-09-04 03:46:03.686 [info] fatal: not a git repository (or any parent up to mount point /voc)
Stopping at filesystem boundary (GIT_DISCOVERY_ACROSS_FILESYSTEM not set).
2026-09-04 03:48:51.599 [info] > git rev-parse --show-toplevel [17ms]
2026-09-04 03:48:51.601 [info] fatal: not a git repository (or any parent up to mount point /voc)
Stopping at filesystem boundary (GIT_DISCOVERY_ACROSS_FILESYSTEM not set).
2026-09-04 03:55:55.821 [info] > git rev-parse --show-toplevel [16ms]
2026-09-04 03:55:55.823 [info] fatal: not a git repository (or any parent up to mount point /voc)
Stopping at filesystem boundary (GIT_DISCOVERY_ACROSS_FILESYSTEM not set).
2026-09-04 03:59:27.469 [info] > git rev-parse --show-toplevel [5ms]
2026-09-04 03:59:27.471 [info] fatal: not a git repository (or any parent up to mount point /voc)
Stopping at filesystem boundary (GIT_DISCOVERY_ACROSS_FILESYSTEM not set).
2026-09-04 04:02:27.911 [info] > git rev-parse --show-toplevel [9ms]
2026-09-04 04:02:27.913 [info] fatal: not a git repository (or any parent up to mount point /voc)
Stopping at filesystem boundary (GIT_DISCOVERY_ACROSS_FILESYSTEM not set).
