2026-09-10 01:18:03.558 [info] Telemetry level is off
2026-09-10 01:18:03.558 [info] Experiments are disabled, only manually opted experiments are active.
2026-09-10 01:18:03.558 [warning] Dir "/voc/work/.pixi/envs" is not watchable (directory does not exist)
2026-09-10 01:18:03.558 [info] Starting Environment refresh
2026-09-10 01:18:03.558 [info] Searching for interpreters in posix paths locator
2026-09-10 01:18:03.558 [info] Searching for pyenv environments
2026-09-10 01:18:03.558 [info] Searching for conda environments
2026-09-10 01:18:03.558 [info] Searching for global virtual environments
2026-09-10 01:18:03.558 [info] Searching for custom virtual environments
2026-09-10 01:18:03.558 [info] Skipping ActivatedEnv Detection:  process.env.VSCODE_CLI !== '1'
2026-09-10 01:18:03.558 [info] Skipping ActivatedEnv Detection:  process.env.VSCODE_CLI !== '1'
2026-09-10 01:18:03.558 [info] Finished searching for custom virtual envs: 9 milliseconds
2026-09-10 01:18:03.558 [info] pyenv is not installed
2026-09-10 01:18:03.558 [info] Finished searching for pyenv environments: 9 milliseconds
2026-09-10 01:18:03.558 [info] > conda info --json
2026-09-10 01:18:03.558 [info] > hatch env show --json
2026-09-10 01:18:03.558 [info] cwd: .
2026-09-10 01:18:03.558 [info] > pyenv which python
2026-09-10 01:18:03.558 [info] cwd: .
2026-09-10 01:18:03.558 [info] Finished searching for global virtual envs: 22 milliseconds
2026-09-10 01:18:03.558 [info] Found: /bin/python --> /bin/python3.10
2026-09-10 01:18:03.558 [info] Found: /bin/python3 --> /bin/python3.10
2026-09-10 01:18:03.558 [info] Found: /bin/python3.10 --> /bin/python3.10
2026-09-10 01:18:03.558 [info] Found: /bin/python3.8 --> /bin/python3.8
2026-09-10 01:18:03.570 [info] Found: /usr/bin/python --> /usr/bin/python3.10
2026-09-10 01:18:03.576 [info] Found: /usr/bin/python3 --> /usr/bin/python3.10
2026-09-10 01:18:03.577 [info] Found: /usr/bin/python3.10 --> /usr/bin/python3.10
2026-09-10 01:18:03.584 [info] Found: /usr/bin/python3.8 --> /usr/bin/python3.8
2026-09-10 01:18:03.602 [info] > ./.venv/bin/python -I /usr/local/lib/code-server-4.103.2/lib/vscode/extensions/ms-python.python-2025.12.0/python_files/get_output_via_markers.py /usr/local/lib/code-server-4.103.2/lib/vscode/extensions/ms-python.python-2025.12.0/python_files/interpreterInfo.py
2026-09-10 01:18:03.610 [info] > /bin/python -I /usr/local/lib/code-server-4.103.2/lib/vscode/extensions/ms-python.python-2025.12.0/python_files/get_output_via_markers.py /usr/local/lib/code-server-4.103.2/lib/vscode/extensions/ms-python.python-2025.12.0/python_files/interpreterInfo.py
2026-09-10 01:18:03.618 [info] Finished searching for interpreters in posix paths locator: 116 milliseconds
2026-09-10 01:18:03.653 [info] > /bin/python3.8 -I /usr/local/lib/code-server-4.103.2/lib/vscode/extensions/ms-python.python-2025.12.0/python_files/get_output_via_markers.py /usr/local/lib/code-server-4.103.2/lib/vscode/extensions/ms-python.python-2025.12.0/python_files/interpreterInfo.py
2026-09-10 01:18:03.681 [info] > /usr/bin/python -I /usr/local/lib/code-server-4.103.2/lib/vscode/extensions/ms-python.python-2025.12.0/python_files/get_output_via_markers.py /usr/local/lib/code-server-4.103.2/lib/vscode/extensions/ms-python.python-2025.12.0/python_files/interpreterInfo.py
2026-09-10 01:18:03.683 [info] > /usr/bin/python3.8 -I /usr/local/lib/code-server-4.103.2/lib/vscode/extensions/ms-python.python-2025.12.0/python_files/get_output_via_markers.py /usr/local/lib/code-server-4.103.2/lib/vscode/extensions/ms-python.python-2025.12.0/python_files/interpreterInfo.py
2026-09-10 01:18:03.732 [info] Environments refresh paths discovered (event): 230 milliseconds
2026-09-10 01:18:03.732 [info] Environments refresh finished (event): 230 milliseconds
2026-09-10 01:18:03.732 [info] Environments refresh paths discovered: 230 milliseconds
2026-09-10 01:18:03.739 [info] Environment refresh took 237 milliseconds
2026-09-10 01:18:03.744 [info] Python interpreter path: ./.venv/bin/python
2026-09-10 01:18:04.984 [info] Starting Jedi language server for work.
2026-09-10 01:18:17.947 [info] Send text to terminal: source /voc/work/.venv/bin/activate
2026-09-10 01:19:37.223 [info] Send text to terminal: source /voc/work/.venv/bin/activate
2026-09-10 02:13:52.772 [info] Send text to terminal: source /voc/work/.venv/bin/activate
2026-09-10 02:22:57.569 [info] Send text to terminal: source /voc/work/.venv/bin/activate
2026-09-10 02:29:31.710 [info] Send text to terminal: source /voc/work/.venv/bin/activate
2026-09-10 04:43:21.443 [info] Send text to terminal: source /voc/work/.venv/bin/activate
2026-09-10 05:03:21.535 [info] Send text to terminal: source /voc/work/.venv/bin/activate
