2026-09-10 14:38:56.741 [info] Telemetry level is off
2026-09-10 14:38:56.741 [info] Experiments are disabled, only manually opted experiments are active.
2026-09-10 14:38:56.741 [warning] Dir "/voc/work/.pixi/envs" is not watchable (directory does not exist)
2026-09-10 14:38:56.741 [info] Starting Environment refresh
2026-09-10 14:38:56.741 [info] Searching for interpreters in posix paths locator
2026-09-10 14:38:56.741 [info] Searching for pyenv environments
2026-09-10 14:38:56.741 [info] Searching for conda environments
2026-09-10 14:38:56.741 [info] Searching for global virtual environments
2026-09-10 14:38:56.741 [info] Searching for custom virtual environments
2026-09-10 14:38:56.741 [info] Skipping ActivatedEnv Detection:  process.env.VSCODE_CLI !== '1'
2026-09-10 14:38:56.741 [info] Skipping ActivatedEnv Detection:  process.env.VSCODE_CLI !== '1'
2026-09-10 14:38:56.741 [info] Finished searching for custom virtual envs: 10 milliseconds
2026-09-10 14:38:56.741 [info] pyenv is not installed
2026-09-10 14:38:56.741 [info] Finished searching for pyenv environments: 12 milliseconds
2026-09-10 14:38:56.741 [info] > conda info --json
2026-09-10 14:38:56.741 [info] > hatch env show --json
2026-09-10 14:38:56.741 [info] cwd: .
2026-09-10 14:38:56.741 [info] > pyenv which python
2026-09-10 14:38:56.741 [info] cwd: .
2026-09-10 14:38:56.741 [info] Finished searching for global virtual envs: 26 milliseconds
2026-09-10 14:38:56.741 [info] Found: /bin/python --> /bin/python3.10
2026-09-10 14:38:56.741 [info] Found: /bin/python3 --> /bin/python3.10
2026-09-10 14:38:56.741 [info] Found: /bin/python3.10 --> /bin/python3.10
2026-09-10 14:38:56.743 [info] Found: /bin/python3.8 --> /bin/python3.8
2026-09-10 14:38:56.758 [info] Found: /usr/bin/python --> /usr/bin/python3.10
2026-09-10 14:38:56.763 [info] Found: /usr/bin/python3 --> /usr/bin/python3.10
2026-09-10 14:38:56.763 [info] Found: /usr/bin/python3.10 --> /usr/bin/python3.10
2026-09-10 14:38:56.770 [info] Found: /usr/bin/python3.8 --> /usr/bin/python3.8
2026-09-10 14:38:56.802 [info] > ./.venv/bin/python -I /usr/local/lib/code-server-4.103.2/lib/vscode/extensions/ms-python.python-2025.12.0/python_files/get_output_via_markers.py /usr/local/lib/code-server-4.103.2/lib/vscode/extensions/ms-python.python-2025.12.0/python_files/interpreterInfo.py
2026-09-10 14:38:56.810 [info] > /bin/python -I /usr/local/lib/code-server-4.103.2/lib/vscode/extensions/ms-python.python-2025.12.0/python_files/get_output_via_markers.py /usr/local/lib/code-server-4.103.2/lib/vscode/extensions/ms-python.python-2025.12.0/python_files/interpreterInfo.py
2026-09-10 14:38:56.822 [info] Finished searching for interpreters in posix paths locator: 129 milliseconds
2026-09-10 14:38:56.842 [info] > /bin/python3.8 -I /usr/local/lib/code-server-4.103.2/lib/vscode/extensions/ms-python.python-2025.12.0/python_files/get_output_via_markers.py /usr/local/lib/code-server-4.103.2/lib/vscode/extensions/ms-python.python-2025.12.0/python_files/interpreterInfo.py
2026-09-10 14:38:56.872 [info] > /usr/bin/python -I /usr/local/lib/code-server-4.103.2/lib/vscode/extensions/ms-python.python-2025.12.0/python_files/get_output_via_markers.py /usr/local/lib/code-server-4.103.2/lib/vscode/extensions/ms-python.python-2025.12.0/python_files/interpreterInfo.py
2026-09-10 14:38:56.891 [info] > /usr/bin/python3.8 -I /usr/local/lib/code-server-4.103.2/lib/vscode/extensions/ms-python.python-2025.12.0/python_files/get_output_via_markers.py /usr/local/lib/code-server-4.103.2/lib/vscode/extensions/ms-python.python-2025.12.0/python_files/interpreterInfo.py
2026-09-10 14:38:56.934 [info] Environments refresh paths discovered (event): 242 milliseconds
2026-09-10 14:38:56.934 [info] Environments refresh finished (event): 242 milliseconds
2026-09-10 14:38:56.934 [info] Environments refresh paths discovered: 242 milliseconds
2026-09-10 14:38:56.942 [info] Environment refresh took 250 milliseconds
2026-09-10 14:38:56.950 [info] Python interpreter path: ./.venv/bin/python
2026-09-10 14:38:58.182 [info] Starting Jedi language server for work.
2026-09-10 14:39:08.096 [info] Send text to terminal: source /voc/work/.venv/bin/activate
2026-09-10 14:41:05.950 [info] Send text to terminal: source /voc/work/.venv/bin/activate
