2026-09-10 19:28:38.599 [info] Telemetry level is off
2026-09-10 19:28:38.599 [info] Experiments are disabled, only manually opted experiments are active.
2026-09-10 19:28:38.599 [warning] Dir "/voc/work/.pixi/envs" is not watchable (directory does not exist)
2026-09-10 19:28:38.599 [info] Starting Environment refresh
2026-09-10 19:28:38.599 [info] Searching for interpreters in posix paths locator
2026-09-10 19:28:38.599 [info] Searching for pyenv environments
2026-09-10 19:28:38.599 [info] Searching for conda environments
2026-09-10 19:28:38.599 [info] Searching for global virtual environments
2026-09-10 19:28:38.599 [info] Searching for custom virtual environments
2026-09-10 19:28:38.599 [info] Skipping ActivatedEnv Detection:  process.env.VSCODE_CLI !== '1'
2026-09-10 19:28:38.599 [info] Skipping ActivatedEnv Detection:  process.env.VSCODE_CLI !== '1'
2026-09-10 19:28:38.599 [info] Finished searching for custom virtual envs: 10 milliseconds
2026-09-10 19:28:38.599 [info] pyenv is not installed
2026-09-10 19:28:38.599 [info] Finished searching for pyenv environments: 11 milliseconds
2026-09-10 19:28:38.599 [info] > conda info --json
2026-09-10 19:28:38.599 [info] > hatch env show --json
2026-09-10 19:28:38.599 [info] cwd: .
2026-09-10 19:28:38.599 [info] > pyenv which python
2026-09-10 19:28:38.599 [info] cwd: .
2026-09-10 19:28:38.599 [info] Finished searching for global virtual envs: 24 milliseconds
2026-09-10 19:28:38.599 [info] Found: /bin/python --> /bin/python3.10
2026-09-10 19:28:38.599 [info] Found: /bin/python3 --> /bin/python3.10
2026-09-10 19:28:38.599 [info] Found: /bin/python3.10 --> /bin/python3.10
2026-09-10 19:28:38.599 [info] Found: /bin/python3.8 --> /bin/python3.8
2026-09-10 19:28:38.629 [info] Found: /usr/bin/python --> /usr/bin/python3.10
2026-09-10 19:28:38.630 [info] Found: /usr/bin/python3 --> /usr/bin/python3.10
2026-09-10 19:28:38.631 [info] Found: /usr/bin/python3.10 --> /usr/bin/python3.10
2026-09-10 19:28:38.631 [info] Found: /usr/bin/python3.8 --> /usr/bin/python3.8
2026-09-10 19:28:38.643 [info] > ./.venv/bin/python -I /usr/local/lib/code-server-4.103.2/lib/vscode/extensions/ms-python.python-2025.12.0/python_files/get_output_via_markers.py /usr/local/lib/code-server-4.103.2/lib/vscode/extensions/ms-python.python-2025.12.0/python_files/interpreterInfo.py
2026-09-10 19:28:38.651 [info] > /bin/python -I /usr/local/lib/code-server-4.103.2/lib/vscode/extensions/ms-python.python-2025.12.0/python_files/get_output_via_markers.py /usr/local/lib/code-server-4.103.2/lib/vscode/extensions/ms-python.python-2025.12.0/python_files/interpreterInfo.py
2026-09-10 19:28:38.660 [info] Finished searching for interpreters in posix paths locator: 109 milliseconds
2026-09-10 19:28:38.686 [info] > /bin/python3.8 -I /usr/local/lib/code-server-4.103.2/lib/vscode/extensions/ms-python.python-2025.12.0/python_files/get_output_via_markers.py /usr/local/lib/code-server-4.103.2/lib/vscode/extensions/ms-python.python-2025.12.0/python_files/interpreterInfo.py
2026-09-10 19:28:38.715 [info] > /usr/bin/python -I /usr/local/lib/code-server-4.103.2/lib/vscode/extensions/ms-python.python-2025.12.0/python_files/get_output_via_markers.py /usr/local/lib/code-server-4.103.2/lib/vscode/extensions/ms-python.python-2025.12.0/python_files/interpreterInfo.py
2026-09-10 19:28:38.718 [info] > /usr/bin/python3.8 -I /usr/local/lib/code-server-4.103.2/lib/vscode/extensions/ms-python.python-2025.12.0/python_files/get_output_via_markers.py /usr/local/lib/code-server-4.103.2/lib/vscode/extensions/ms-python.python-2025.12.0/python_files/interpreterInfo.py
2026-09-10 19:28:38.722 [info] Environments refresh paths discovered (event): 171 milliseconds
2026-09-10 19:28:38.722 [info] Environments refresh paths discovered: 171 milliseconds
2026-09-10 19:28:38.745 [info] Environments refresh finished (event): 194 milliseconds
2026-09-10 19:28:38.753 [info] Environment refresh took 202 milliseconds
2026-09-10 19:28:38.760 [info] Python interpreter path: ./.venv/bin/python
2026-09-10 19:28:42.365 [info] Starting Jedi language server for work.
2026-09-10 19:29:05.632 [info] Send text to terminal: source /voc/work/.venv/bin/activate
2026-09-10 19:29:08.449 [info] Send text to terminal: source /voc/work/.venv/bin/activate
2026-09-10 20:09:23.072 [info] Send text to terminal: source /voc/work/.venv/bin/activate
