2026-09-16 03:13:16.567 [info] Reading sessions from keychain...
2026-09-16 03:13:16.567 [info] Getting sessions for all scopes...
2026-09-16 03:13:16.567 [info] Got 0 sessions for ...
2026-09-16 03:13:16.567 [info] Getting sessions for all scopes...
2026-09-16 03:13:16.567 [info] Got 0 sessions for ...
2026-09-16 03:13:16.567 [info] Getting sessions for all scopes...
2026-09-16 03:13:16.567 [info] Got 0 sessions for ...
2026-09-16 03:13:16.567 [info] Getting sessions for all scopes...
2026-09-16 03:13:16.567 [info] Got 0 sessions for ...
2026-09-16 03:13:16.567 [info] Getting sessions for all scopes...
2026-09-16 03:13:16.567 [info] Got 0 sessions for ...
2026-09-16 03:13:16.636 [info] Getting sessions for read:user,repo,user:email,workflow...
2026-09-16 03:13:16.636 [info] Got 0 sessions for read:user,repo,user:email,workflow...
2026-09-16 03:18:10.607 [info] Getting sessions for read:user,repo,user:email,workflow...
2026-09-16 03:18:10.608 [info] Got 0 sessions for read:user,repo,user:email,workflow...
2026-09-16 03:21:53.159 [info] Getting sessions for read:user,repo,user:email,workflow...
2026-09-16 03:21:53.160 [info] Got 0 sessions for read:user,repo,user:email,workflow...
2026-09-16 03:21:55.771 [info] Logging in with 'any' account...
2026-09-16 03:21:55.771 [info] Logging in for the following scopes: read:user repo user:email workflow
2026-09-16 03:21:55.931 [info] Trying device code flow... (read:user repo user:email workflow)
2026-09-16 03:22:39.708 [info] Getting user info...
2026-09-16 03:22:40.067 [info] Got account info!
2026-09-16 03:22:40.068 [info] Storing 1 sessions...
2026-09-16 03:22:40.144 [info] Reading sessions from keychain...
2026-09-16 03:22:40.144 [info] Stored 1 sessions!
2026-09-16 03:22:40.144 [info] Login success!
2026-09-16 03:22:40.227 [info] Got stored sessions!
2026-09-16 03:22:40.227 [info] Got 1 verified sessions.
2026-09-16 03:22:40.382 [info] Getting sessions for read:user,repo,user:email,workflow...
2026-09-16 03:22:40.382 [info] Got 1 sessions for read:user,repo,user:email,workflow...
