2026-09-08 15:13:34.239 [info] [main] Log level: Info
2026-09-08 15:13:34.239 [info] [main] Validating found git in: "git"
2026-09-08 15:13:34.239 [info] [main] Using git "2.25.1" from "git"
2026-09-08 15:13:34.239 [info] [Model][doInitialScan] Initial repository scan started
2026-09-08 15:13:34.239 [info] > git rev-parse --show-toplevel [4ms]
2026-09-08 15:13:34.239 [info] fatal: not a git repository (or any parent up to mount point /voc)
Stopping at filesystem boundary (GIT_DISCOVERY_ACROSS_FILESYSTEM not set).
2026-09-08 15:13:34.239 [info] > git rev-parse --show-toplevel [3ms]
2026-09-08 15:13:34.239 [info] fatal: not a git repository (or any parent up to mount point /voc)
Stopping at filesystem boundary (GIT_DISCOVERY_ACROSS_FILESYSTEM not set).
2026-09-08 15:13:34.239 [info] > git rev-parse --show-toplevel [2ms]
2026-09-08 15:13:34.239 [info] fatal: not a git repository (or any parent up to mount point /voc)
Stopping at filesystem boundary (GIT_DISCOVERY_ACROSS_FILESYSTEM not set).
2026-09-08 15:13:34.239 [info] > git rev-parse --show-toplevel [2ms]
2026-09-08 15:13:34.239 [info] fatal: not a git repository (or any parent up to mount point /voc)
Stopping at filesystem boundary (GIT_DISCOVERY_ACROSS_FILESYSTEM not set).
2026-09-08 15:13:34.239 [info] > git rev-parse --show-toplevel [2ms]
2026-09-08 15:13:34.239 [info] fatal: not a git repository (or any parent up to mount point /voc)
Stopping at filesystem boundary (GIT_DISCOVERY_ACROSS_FILESYSTEM not set).
2026-09-08 15:13:34.239 [info] > git rev-parse --show-toplevel [2ms]
2026-09-08 15:13:34.239 [info] fatal: not a git repository (or any parent up to mount point /voc)
Stopping at filesystem boundary (GIT_DISCOVERY_ACROSS_FILESYSTEM not set).
2026-09-08 15:13:34.239 [info] > git rev-parse --show-toplevel [2ms]
2026-09-08 15:13:34.239 [info] fatal: not a git repository (or any parent up to mount point /voc)
Stopping at filesystem boundary (GIT_DISCOVERY_ACROSS_FILESYSTEM not set).
2026-09-08 15:13:34.239 [info] > git rev-parse --show-toplevel [2ms]
2026-09-08 15:13:34.239 [info] fatal: not a git repository (or any parent up to mount point /voc)
Stopping at filesystem boundary (GIT_DISCOVERY_ACROSS_FILESYSTEM not set).
2026-09-08 15:13:34.239 [info] > git rev-parse --show-toplevel [2ms]
2026-09-08 15:13:34.239 [info] fatal: not a git repository (or any parent up to mount point /voc)
Stopping at filesystem boundary (GIT_DISCOVERY_ACROSS_FILESYSTEM not set).
2026-09-08 15:13:34.239 [info] > git rev-parse --show-toplevel [2ms]
2026-09-08 15:13:34.239 [info] fatal: not a git repository (or any parent up to mount point /voc)
Stopping at filesystem boundary (GIT_DISCOVERY_ACROSS_FILESYSTEM not set).
2026-09-08 15:13:34.239 [info] > git rev-parse --show-toplevel [2ms]
2026-09-08 15:13:34.239 [info] fatal: not a git repository (or any parent up to mount point /voc)
Stopping at filesystem boundary (GIT_DISCOVERY_ACROSS_FILESYSTEM not set).
2026-09-08 15:13:34.239 [info] > git rev-parse --show-toplevel [1ms]
2026-09-08 15:13:34.239 [info] fatal: not a git repository (or any parent up to mount point /voc)
Stopping at filesystem boundary (GIT_DISCOVERY_ACROSS_FILESYSTEM not set).
2026-09-08 15:13:34.239 [info] [Model][doInitialScan] Initial repository scan completed - repositories (0), closed repositories (0), parent repositories (0), unsafe repositories (0)
2026-09-08 15:18:55.827 [info] > git rev-parse --show-toplevel [11ms]
2026-09-08 15:18:55.829 [info] fatal: not a git repository (or any parent up to mount point /voc)
Stopping at filesystem boundary (GIT_DISCOVERY_ACROSS_FILESYSTEM not set).
2026-09-08 15:18:57.790 [info] > git rev-parse --show-toplevel [9ms]
2026-09-08 15:18:57.790 [info] fatal: not a git repository (or any parent up to mount point /voc)
Stopping at filesystem boundary (GIT_DISCOVERY_ACROSS_FILESYSTEM not set).
2026-09-08 15:19:00.312 [info] > git rev-parse --show-toplevel [6ms]
2026-09-08 15:19:00.312 [info] fatal: not a git repository (or any parent up to mount point /voc)
Stopping at filesystem boundary (GIT_DISCOVERY_ACROSS_FILESYSTEM not set).
