2026-09-10 14:38:56.770 [info] [main] Log level: Info
2026-09-10 14:38:56.770 [info] [main] Validating found git in: "git"
2026-09-10 14:38:56.770 [info] [main] Using git "2.25.1" from "git"
2026-09-10 14:38:56.770 [info] [Model][doInitialScan] Initial repository scan started
2026-09-10 14:38:56.770 [info] > git rev-parse --show-toplevel [50ms]
2026-09-10 14:38:56.770 [info] fatal: not a git repository (or any parent up to mount point /voc)
Stopping at filesystem boundary (GIT_DISCOVERY_ACROSS_FILESYSTEM not set).
2026-09-10 14:38:56.775 [info] > git rev-parse --show-toplevel [12ms]
2026-09-10 14:38:56.775 [info] fatal: not a git repository (or any parent up to mount point /voc)
Stopping at filesystem boundary (GIT_DISCOVERY_ACROSS_FILESYSTEM not set).
2026-09-10 14:38:56.795 [info] > git rev-parse --show-toplevel [17ms]
2026-09-10 14:38:56.795 [info] fatal: not a git repository (or any parent up to mount point /voc)
Stopping at filesystem boundary (GIT_DISCOVERY_ACROSS_FILESYSTEM not set).
2026-09-10 14:38:56.819 [info] > git rev-parse --show-toplevel [22ms]
2026-09-10 14:38:56.819 [info] fatal: not a git repository (or any parent up to mount point /voc)
Stopping at filesystem boundary (GIT_DISCOVERY_ACROSS_FILESYSTEM not set).
2026-09-10 14:38:56.843 [info] > git rev-parse --show-toplevel [22ms]
2026-09-10 14:38:56.843 [info] fatal: not a git repository (or any parent up to mount point /voc)
Stopping at filesystem boundary (GIT_DISCOVERY_ACROSS_FILESYSTEM not set).
2026-09-10 14:38:56.862 [info] > git rev-parse --show-toplevel [17ms]
2026-09-10 14:38:56.862 [info] fatal: not a git repository (or any parent up to mount point /voc)
Stopping at filesystem boundary (GIT_DISCOVERY_ACROSS_FILESYSTEM not set).
2026-09-10 14:38:56.874 [info] > git rev-parse --show-toplevel [10ms]
2026-09-10 14:38:56.874 [info] fatal: not a git repository (or any parent up to mount point /voc)
Stopping at filesystem boundary (GIT_DISCOVERY_ACROSS_FILESYSTEM not set).
2026-09-10 14:38:56.892 [info] > git rev-parse --show-toplevel [16ms]
2026-09-10 14:38:56.892 [info] fatal: not a git repository (or any parent up to mount point /voc)
Stopping at filesystem boundary (GIT_DISCOVERY_ACROSS_FILESYSTEM not set).
2026-09-10 14:38:56.911 [info] > git rev-parse --show-toplevel [15ms]
2026-09-10 14:38:56.911 [info] fatal: not a git repository (or any parent up to mount point /voc)
Stopping at filesystem boundary (GIT_DISCOVERY_ACROSS_FILESYSTEM not set).
2026-09-10 14:38:56.927 [info] > git rev-parse --show-toplevel [14ms]
2026-09-10 14:38:56.927 [info] fatal: not a git repository (or any parent up to mount point /voc)
Stopping at filesystem boundary (GIT_DISCOVERY_ACROSS_FILESYSTEM not set).
2026-09-10 14:38:56.946 [info] > git rev-parse --show-toplevel [17ms]
2026-09-10 14:38:56.946 [info] fatal: not a git repository (or any parent up to mount point /voc)
Stopping at filesystem boundary (GIT_DISCOVERY_ACROSS_FILESYSTEM not set).
2026-09-10 14:38:56.946 [info] [Model][doInitialScan] Initial repository scan completed - repositories (0), closed repositories (0), parent repositories (0), unsafe repositories (0)
2026-09-10 14:38:56.961 [info] > git rev-parse --show-toplevel [13ms]
2026-09-10 14:38:56.961 [info] fatal: not a git repository (or any parent up to mount point /voc)
Stopping at filesystem boundary (GIT_DISCOVERY_ACROSS_FILESYSTEM not set).
2026-09-10 14:38:57.043 [info] > git rev-parse --show-toplevel [7ms]
2026-09-10 14:38:57.043 [info] fatal: not a git repository (or any parent up to mount point /voc)
Stopping at filesystem boundary (GIT_DISCOVERY_ACROSS_FILESYSTEM not set).
2026-09-10 14:38:57.268 [info] > git rev-parse --show-toplevel [8ms]
2026-09-10 14:38:57.268 [info] fatal: not a git repository (or any parent up to mount point /voc)
Stopping at filesystem boundary (GIT_DISCOVERY_ACROSS_FILESYSTEM not set).
2026-09-10 14:38:58.614 [info] > git rev-parse --show-toplevel [40ms]
2026-09-10 14:38:58.614 [info] fatal: not a git repository (or any parent up to mount point /voc)
Stopping at filesystem boundary (GIT_DISCOVERY_ACROSS_FILESYSTEM not set).
2026-09-10 14:40:54.354 [info] > git rev-parse --show-toplevel [11ms]
2026-09-10 14:40:54.355 [info] fatal: not a git repository (or any parent up to mount point /voc)
Stopping at filesystem boundary (GIT_DISCOVERY_ACROSS_FILESYSTEM not set).
