2026-09-16 03:13:08.858 [info] [main] Log level: Info
2026-09-16 03:13:08.858 [info] [main] Validating found git in: "git"
2026-09-16 03:13:08.858 [info] [main] Using git "2.25.1" from "git"
2026-09-16 03:13:08.858 [info] [Model][doInitialScan] Initial repository scan started
2026-09-16 03:13:08.859 [info] > git rev-parse --show-toplevel [47ms]
2026-09-16 03:13:08.899 [info] > git rev-parse --git-dir --git-common-dir --show-superproject-working-tree [30ms]
2026-09-16 03:13:08.908 [info] [Model][openRepository] Opened repository (path): /voc/work
2026-09-16 03:13:08.908 [info] [Model][openRepository] Opened repository (real path): /voc/work
2026-09-16 03:13:08.908 [info] [Model][openRepository] Opened repository (kind): repository
2026-09-16 03:13:08.943 [info] > git config --get commit.template [24ms]
2026-09-16 03:13:08.943 [info] > git rev-parse --show-toplevel [27ms]
2026-09-16 03:13:08.974 [info] > git rev-parse --show-toplevel [29ms]
2026-09-16 03:13:09.001 [info] > git rev-parse --show-toplevel [25ms]
2026-09-16 03:13:09.047 [info] > git rev-parse --show-toplevel [43ms]
2026-09-16 03:13:09.071 [info] > git rev-parse --show-toplevel [20ms]
2026-09-16 03:13:09.098 [info] > git rev-parse --show-toplevel [24ms]
2026-09-16 03:13:09.124 [info] > git rev-parse --show-toplevel [24ms]
2026-09-16 03:13:09.124 [info] > git for-each-ref --format=%(refname)%00%(upstream:short)%00%(objectname)%00%(upstream:track)%00%(upstream:remotename)%00%(upstream:remoteref) refs/heads/master refs/remotes/master [202ms]
2026-09-16 03:13:09.148 [info] > git rev-parse --show-toplevel [21ms]
2026-09-16 03:13:09.172 [info] > git rev-parse --show-toplevel [21ms]
2026-09-16 03:13:09.180 [info] > git for-each-ref --sort -committerdate --format %(refname)%00%(objectname)%00%(*objectname) [47ms]
2026-09-16 03:13:09.194 [info] > git rev-parse --show-toplevel [19ms]
2026-09-16 03:13:09.195 [info] [Model][doInitialScan] Initial repository scan completed - repositories (1), closed repositories (0), parent repositories (0), unsafe repositories (0)
2026-09-16 03:13:09.482 [info] > git check-ignore -v -z --stdin [31ms]
2026-09-16 03:13:16.229 [info] > git status -z -uall [7099ms]
2026-09-16 03:13:16.256 [info] > git config --get commit.template [15ms]
2026-09-16 03:13:16.282 [info] > git for-each-ref --format=%(refname)%00%(upstream:short)%00%(objectname)%00%(upstream:track)%00%(upstream:remotename)%00%(upstream:remoteref) refs/heads/master refs/remotes/master [44ms]
2026-09-16 03:13:16.286 [info] > git for-each-ref --format=%(refname)%00%(upstream:short)%00%(objectname)%00%(upstream:track)%00%(upstream:remotename)%00%(upstream:remoteref) refs/heads/master refs/remotes/master [42ms]
2026-09-16 03:13:16.299 [info] > git config --get --local branch.master.vscode-merge-base [13ms]
2026-09-16 03:13:16.299 [warning] [Git][config] git config failed: Failed to execute git
2026-09-16 03:13:16.358 [info] > git for-each-ref --sort -committerdate --format %(refname)%00%(objectname)%00%(*objectname) [65ms]
2026-09-16 03:13:16.362 [info] > git reflog master --grep-reflog=branch: Created from *. [61ms]
2026-09-16 03:13:16.391 [info] > git symbolic-ref --short refs/remotes/origin/HEAD [26ms]
2026-09-16 03:13:16.391 [info] fatal: ref refs/remotes/origin/HEAD is not a symbolic ref
2026-09-16 03:13:16.391 [warning] [Repository][getDefaultBranch] Failed to get default branch details: Failed to execute git.
2026-09-16 03:13:16.426 [info] > git merge-base refs/heads/master refs/remotes/origin/master [32ms]
2026-09-16 03:13:16.471 [info] > git diff --name-status -z --diff-filter=ADMR cfcfb1706144f93e5d51cbd6187ac0cb4822ccfa...refs/remotes/origin/master [43ms]
2026-09-16 03:13:19.270 [info] > git status -z -uall [2979ms]
2026-09-16 03:13:31.653 [info] > git check-ignore -v -z --stdin [22ms]
2026-09-16 03:13:34.416 [info] > git config --get commit.template [8ms]
2026-09-16 03:13:34.444 [info] > git for-each-ref --format=%(refname)%00%(upstream:short)%00%(objectname)%00%(upstream:track)%00%(upstream:remotename)%00%(upstream:remoteref) refs/heads/master refs/remotes/master [34ms]
2026-09-16 03:13:34.474 [info] > git for-each-ref --sort -committerdate --format %(refname)%00%(objectname)%00%(*objectname) [23ms]
2026-09-16 03:13:36.886 [info] > git status -z -uall [2437ms]
2026-09-16 03:13:41.903 [info] > git config --get commit.template [11ms]
2026-09-16 03:13:41.930 [info] > git for-each-ref --format=%(refname)%00%(upstream:short)%00%(objectname)%00%(upstream:track)%00%(upstream:remotename)%00%(upstream:remoteref) refs/heads/master refs/remotes/master [35ms]
2026-09-16 03:13:41.961 [info] > git for-each-ref --sort -committerdate --format %(refname)%00%(objectname)%00%(*objectname) [25ms]
2026-09-16 03:13:44.221 [info] > git status -z -uall [2287ms]
2026-09-16 03:13:49.235 [info] > git config --get commit.template [9ms]
2026-09-16 03:13:49.260 [info] > git for-each-ref --format=%(refname)%00%(upstream:short)%00%(objectname)%00%(upstream:track)%00%(upstream:remotename)%00%(upstream:remoteref) refs/heads/master refs/remotes/master [31ms]
2026-09-16 03:13:49.293 [info] > git for-each-ref --sort -committerdate --format %(refname)%00%(objectname)%00%(*objectname) [26ms]
2026-09-16 03:13:51.772 [info] > git status -z -uall [2507ms]
2026-09-16 03:13:56.786 [info] > git config --get commit.template [8ms]
2026-09-16 03:13:56.805 [info] > git for-each-ref --format=%(refname)%00%(upstream:short)%00%(objectname)%00%(upstream:track)%00%(upstream:remotename)%00%(upstream:remoteref) refs/heads/master refs/remotes/master [23ms]
2026-09-16 03:13:56.827 [info] > git for-each-ref --sort -committerdate --format %(refname)%00%(objectname)%00%(*objectname) [17ms]
2026-09-16 03:13:59.056 [info] > git status -z -uall [2248ms]
2026-09-16 03:14:04.067 [info] > git config --get commit.template [6ms]
2026-09-16 03:14:04.083 [info] > git for-each-ref --format=%(refname)%00%(upstream:short)%00%(objectname)%00%(upstream:track)%00%(upstream:remotename)%00%(upstream:remoteref) refs/heads/master refs/remotes/master [19ms]
2026-09-16 03:14:04.105 [info] > git for-each-ref --sort -committerdate --format %(refname)%00%(objectname)%00%(*objectname) [17ms]
2026-09-16 03:14:05.210 [info] > git status -z -uall [1124ms]
2026-09-16 03:14:10.223 [info] > git config --get commit.template [7ms]
2026-09-16 03:14:10.238 [info] > git for-each-ref --format=%(refname)%00%(upstream:short)%00%(objectname)%00%(upstream:track)%00%(upstream:remotename)%00%(upstream:remoteref) refs/heads/master refs/remotes/master [19ms]
2026-09-16 03:14:10.262 [info] > git for-each-ref --sort -committerdate --format %(refname)%00%(objectname)%00%(*objectname) [19ms]
2026-09-16 03:14:11.117 [info] > git status -z -uall [876ms]
2026-09-16 03:14:16.129 [info] > git config --get commit.template [6ms]
2026-09-16 03:14:16.145 [info] > git for-each-ref --format=%(refname)%00%(upstream:short)%00%(objectname)%00%(upstream:track)%00%(upstream:remotename)%00%(upstream:remoteref) refs/heads/master refs/remotes/master [19ms]
2026-09-16 03:14:16.165 [info] > git for-each-ref --sort -committerdate --format %(refname)%00%(objectname)%00%(*objectname) [15ms]
2026-09-16 03:14:17.553 [info] > git status -z -uall [1405ms]
2026-09-16 03:14:28.884 [info] > git config --get commit.template [6ms]
2026-09-16 03:14:28.903 [info] > git for-each-ref --format=%(refname)%00%(upstream:short)%00%(objectname)%00%(upstream:track)%00%(upstream:remotename)%00%(upstream:remoteref) refs/heads/master refs/remotes/master [21ms]
2026-09-16 03:14:28.927 [info] > git for-each-ref --sort -committerdate --format %(refname)%00%(objectname)%00%(*objectname) [19ms]
2026-09-16 03:14:30.046 [info] > git status -z -uall [1140ms]
2026-09-16 03:14:38.294 [info] > git config --get commit.template [5ms]
2026-09-16 03:14:38.311 [info] > git for-each-ref --format=%(refname)%00%(upstream:short)%00%(objectname)%00%(upstream:track)%00%(upstream:remotename)%00%(upstream:remoteref) refs/heads/master refs/remotes/master [20ms]
2026-09-16 03:14:38.334 [info] > git for-each-ref --sort -committerdate --format %(refname)%00%(objectname)%00%(*objectname) [17ms]
2026-09-16 03:14:39.216 [info] > git status -z -uall [901ms]
2026-09-16 03:14:44.228 [info] > git config --get commit.template [7ms]
2026-09-16 03:14:44.248 [info] > git for-each-ref --format=%(refname)%00%(upstream:short)%00%(objectname)%00%(upstream:track)%00%(upstream:remotename)%00%(upstream:remoteref) refs/heads/master refs/remotes/master [24ms]
2026-09-16 03:14:44.268 [info] > git for-each-ref --sort -committerdate --format %(refname)%00%(objectname)%00%(*objectname) [15ms]
2026-09-16 03:14:45.065 [info] > git status -z -uall [813ms]
2026-09-16 03:14:56.613 [info] > git config --get commit.template [6ms]
2026-09-16 03:14:56.628 [info] > git for-each-ref --format=%(refname)%00%(upstream:short)%00%(objectname)%00%(upstream:track)%00%(upstream:remotename)%00%(upstream:remoteref) refs/heads/master refs/remotes/master [18ms]
2026-09-16 03:14:56.650 [info] > git for-each-ref --sort -committerdate --format %(refname)%00%(objectname)%00%(*objectname) [17ms]
2026-09-16 03:14:57.463 [info] > git status -z -uall [832ms]
2026-09-16 03:15:02.476 [info] > git config --get commit.template [6ms]
2026-09-16 03:15:02.492 [info] > git for-each-ref --format=%(refname)%00%(upstream:short)%00%(objectname)%00%(upstream:track)%00%(upstream:remotename)%00%(upstream:remoteref) refs/heads/master refs/remotes/master [20ms]
2026-09-16 03:15:02.511 [info] > git for-each-ref --sort -committerdate --format %(refname)%00%(objectname)%00%(*objectname) [14ms]
2026-09-16 03:15:03.354 [info] > git status -z -uall [859ms]
2026-09-16 03:15:08.367 [info] > git config --get commit.template [8ms]
2026-09-16 03:15:08.382 [info] > git for-each-ref --format=%(refname)%00%(upstream:short)%00%(objectname)%00%(upstream:track)%00%(upstream:remotename)%00%(upstream:remoteref) refs/heads/master refs/remotes/master [20ms]
2026-09-16 03:15:08.405 [info] > git for-each-ref --sort -committerdate --format %(refname)%00%(objectname)%00%(*objectname) [18ms]
2026-09-16 03:15:09.935 [info] > git status -z -uall [1550ms]
2026-09-16 03:15:14.947 [info] > git config --get commit.template [7ms]
2026-09-16 03:15:14.963 [info] > git for-each-ref --format=%(refname)%00%(upstream:short)%00%(objectname)%00%(upstream:track)%00%(upstream:remotename)%00%(upstream:remoteref) refs/heads/master refs/remotes/master [20ms]
2026-09-16 03:15:14.987 [info] > git for-each-ref --sort -committerdate --format %(refname)%00%(objectname)%00%(*objectname) [18ms]
2026-09-16 03:15:15.825 [info] > git status -z -uall [858ms]
2026-09-16 03:15:21.382 [info] > git config --get commit.template [5ms]
2026-09-16 03:15:21.398 [info] > git for-each-ref --format=%(refname)%00%(upstream:short)%00%(objectname)%00%(upstream:track)%00%(upstream:remotename)%00%(upstream:remoteref) refs/heads/master refs/remotes/master [20ms]
2026-09-16 03:15:21.418 [info] > git for-each-ref --sort -committerdate --format %(refname)%00%(objectname)%00%(*objectname) [15ms]
2026-09-16 03:15:22.342 [info] > git status -z -uall [941ms]
2026-09-16 03:15:27.352 [info] > git config --get commit.template [5ms]
2026-09-16 03:15:27.367 [info] > git for-each-ref --format=%(refname)%00%(upstream:short)%00%(objectname)%00%(upstream:track)%00%(upstream:remotename)%00%(upstream:remoteref) refs/heads/master refs/remotes/master [18ms]
2026-09-16 03:15:27.386 [info] > git for-each-ref --sort -committerdate --format %(refname)%00%(objectname)%00%(*objectname) [14ms]
2026-09-16 03:15:28.196 [info] > git status -z -uall [826ms]
2026-09-16 03:15:33.206 [info] > git config --get commit.template [6ms]
2026-09-16 03:15:33.222 [info] > git for-each-ref --format=%(refname)%00%(upstream:short)%00%(objectname)%00%(upstream:track)%00%(upstream:remotename)%00%(upstream:remoteref) refs/heads/master refs/remotes/master [19ms]
2026-09-16 03:15:33.243 [info] > git for-each-ref --sort -committerdate --format %(refname)%00%(objectname)%00%(*objectname) [16ms]
2026-09-16 03:15:34.003 [info] > git status -z -uall [778ms]
2026-09-16 03:15:41.454 [info] > git config --get commit.template [7ms]
2026-09-16 03:15:41.470 [info] > git for-each-ref --format=%(refname)%00%(upstream:short)%00%(objectname)%00%(upstream:track)%00%(upstream:remotename)%00%(upstream:remoteref) refs/heads/master refs/remotes/master [20ms]
2026-09-16 03:15:41.493 [info] > git for-each-ref --sort -committerdate --format %(refname)%00%(objectname)%00%(*objectname) [17ms]
2026-09-16 03:15:42.283 [info] > git status -z -uall [809ms]
2026-09-16 03:15:47.295 [info] > git config --get commit.template [7ms]
2026-09-16 03:15:47.314 [info] > git for-each-ref --format=%(refname)%00%(upstream:short)%00%(objectname)%00%(upstream:track)%00%(upstream:remotename)%00%(upstream:remoteref) refs/heads/master refs/remotes/master [23ms]
2026-09-16 03:15:47.336 [info] > git for-each-ref --sort -committerdate --format %(refname)%00%(objectname)%00%(*objectname) [17ms]
2026-09-16 03:15:48.147 [info] > git status -z -uall [830ms]
2026-09-16 03:15:53.167 [info] > git config --get commit.template [14ms]
2026-09-16 03:15:53.183 [info] > git for-each-ref --format=%(refname)%00%(upstream:short)%00%(objectname)%00%(upstream:track)%00%(upstream:remotename)%00%(upstream:remoteref) refs/heads/master refs/remotes/master [28ms]
2026-09-16 03:15:53.222 [info] > git for-each-ref --sort -committerdate --format %(refname)%00%(objectname)%00%(*objectname) [32ms]
2026-09-16 03:15:54.033 [info] > git status -z -uall [846ms]
2026-09-16 03:15:59.043 [info] > git config --get commit.template [5ms]
2026-09-16 03:15:59.056 [info] > git for-each-ref --format=%(refname)%00%(upstream:short)%00%(objectname)%00%(upstream:track)%00%(upstream:remotename)%00%(upstream:remoteref) refs/heads/master refs/remotes/master [16ms]
2026-09-16 03:15:59.075 [info] > git for-each-ref --sort -committerdate --format %(refname)%00%(objectname)%00%(*objectname) [14ms]
2026-09-16 03:15:59.852 [info] > git status -z -uall [793ms]
2026-09-16 03:16:04.864 [info] > git config --get commit.template [5ms]
2026-09-16 03:16:04.879 [info] > git for-each-ref --format=%(refname)%00%(upstream:short)%00%(objectname)%00%(upstream:track)%00%(upstream:remotename)%00%(upstream:remoteref) refs/heads/master refs/remotes/master [17ms]
2026-09-16 03:16:04.898 [info] > git for-each-ref --sort -committerdate --format %(refname)%00%(objectname)%00%(*objectname) [14ms]
2026-09-16 03:16:06.002 [info] > git status -z -uall [1120ms]
2026-09-16 03:16:11.013 [info] > git config --get commit.template [6ms]
2026-09-16 03:16:11.029 [info] > git for-each-ref --format=%(refname)%00%(upstream:short)%00%(objectname)%00%(upstream:track)%00%(upstream:remotename)%00%(upstream:remoteref) refs/heads/master refs/remotes/master [20ms]
2026-09-16 03:16:11.053 [info] > git for-each-ref --sort -committerdate --format %(refname)%00%(objectname)%00%(*objectname) [19ms]
2026-09-16 03:16:12.343 [info] > git status -z -uall [1311ms]
2026-09-16 03:16:17.355 [info] > git config --get commit.template [7ms]
2026-09-16 03:16:17.371 [info] > git for-each-ref --format=%(refname)%00%(upstream:short)%00%(objectname)%00%(upstream:track)%00%(upstream:remotename)%00%(upstream:remoteref) refs/heads/master refs/remotes/master [20ms]
2026-09-16 03:16:17.390 [info] > git for-each-ref --sort -committerdate --format %(refname)%00%(objectname)%00%(*objectname) [14ms]
2026-09-16 03:16:18.156 [info] > git status -z -uall [782ms]
2026-09-16 03:16:36.191 [info] > git config --get commit.template [7ms]
2026-09-16 03:16:36.206 [info] > git for-each-ref --format=%(refname)%00%(upstream:short)%00%(objectname)%00%(upstream:track)%00%(upstream:remotename)%00%(upstream:remoteref) refs/heads/master refs/remotes/master [19ms]
2026-09-16 03:16:36.229 [info] > git for-each-ref --sort -committerdate --format %(refname)%00%(objectname)%00%(*objectname) [17ms]
2026-09-16 03:16:37.056 [info] > git status -z -uall [846ms]
2026-09-16 03:17:10.795 [info] > git config --get commit.template [7ms]
2026-09-16 03:17:10.815 [info] > git for-each-ref --format=%(refname)%00%(upstream:short)%00%(objectname)%00%(upstream:track)%00%(upstream:remotename)%00%(upstream:remoteref) refs/heads/master refs/remotes/master [24ms]
2026-09-16 03:17:10.836 [info] > git for-each-ref --sort -committerdate --format %(refname)%00%(objectname)%00%(*objectname) [17ms]
2026-09-16 03:17:12.151 [info] > git status -z -uall [1333ms]
2026-09-16 03:17:17.163 [info] > git config --get commit.template [6ms]
2026-09-16 03:17:17.179 [info] > git for-each-ref --format=%(refname)%00%(upstream:short)%00%(objectname)%00%(upstream:track)%00%(upstream:remotename)%00%(upstream:remoteref) refs/heads/master refs/remotes/master [19ms]
2026-09-16 03:17:17.199 [info] > git for-each-ref --sort -committerdate --format %(refname)%00%(objectname)%00%(*objectname) [15ms]
2026-09-16 03:17:18.513 [info] > git status -z -uall [1331ms]
2026-09-16 03:17:23.523 [info] > git config --get commit.template [5ms]
2026-09-16 03:17:23.540 [info] > git for-each-ref --format=%(refname)%00%(upstream:short)%00%(objectname)%00%(upstream:track)%00%(upstream:remotename)%00%(upstream:remoteref) refs/heads/master refs/remotes/master [19ms]
2026-09-16 03:17:23.561 [info] > git for-each-ref --sort -committerdate --format %(refname)%00%(objectname)%00%(*objectname) [16ms]
2026-09-16 03:17:24.026 [info] > git check-ignore -v -z --stdin [13ms]
2026-09-16 03:17:24.345 [info] > git status -z -uall [802ms]
2026-09-16 03:17:29.357 [info] > git config --get commit.template [7ms]
2026-09-16 03:17:29.371 [info] > git for-each-ref --format=%(refname)%00%(upstream:short)%00%(objectname)%00%(upstream:track)%00%(upstream:remotename)%00%(upstream:remoteref) refs/heads/master refs/remotes/master [18ms]
2026-09-16 03:17:29.390 [info] > git for-each-ref --sort -committerdate --format %(refname)%00%(objectname)%00%(*objectname) [14ms]
2026-09-16 03:17:30.208 [info] > git status -z -uall [834ms]
2026-09-16 03:17:30.576 [info] > git check-ignore -v -z --stdin [12ms]
2026-09-16 03:17:31.311 [info] > git check-ignore -v -z --stdin [12ms]
2026-09-16 03:17:35.220 [info] > git config --get commit.template [6ms]
2026-09-16 03:17:35.245 [info] > git for-each-ref --format=%(refname)%00%(upstream:short)%00%(objectname)%00%(upstream:track)%00%(upstream:remotename)%00%(upstream:remoteref) refs/heads/master refs/remotes/master [29ms]
2026-09-16 03:17:35.266 [info] > git for-each-ref --sort -committerdate --format %(refname)%00%(objectname)%00%(*objectname) [16ms]
2026-09-16 03:17:36.113 [info] > git status -z -uall [865ms]
2026-09-16 03:17:52.786 [info] > git config --get commit.template [6ms]
2026-09-16 03:17:52.803 [info] > git for-each-ref --format=%(refname)%00%(upstream:short)%00%(objectname)%00%(upstream:track)%00%(upstream:remotename)%00%(upstream:remoteref) refs/heads/master refs/remotes/master [20ms]
2026-09-16 03:17:52.823 [info] > git for-each-ref --sort -committerdate --format %(refname)%00%(objectname)%00%(*objectname) [15ms]
2026-09-16 03:17:53.689 [info] > git status -z -uall [883ms]
2026-09-16 03:17:58.700 [info] > git config --get commit.template [5ms]
2026-09-16 03:17:58.716 [info] > git for-each-ref --format=%(refname)%00%(upstream:short)%00%(objectname)%00%(upstream:track)%00%(upstream:remotename)%00%(upstream:remoteref) refs/heads/master refs/remotes/master [18ms]
2026-09-16 03:17:58.735 [info] > git for-each-ref --sort -committerdate --format %(refname)%00%(objectname)%00%(*objectname) [14ms]
2026-09-16 03:17:59.522 [info] > git status -z -uall [803ms]
2026-09-16 03:18:04.533 [info] > git config --get commit.template [6ms]
2026-09-16 03:18:04.549 [info] > git for-each-ref --format=%(refname)%00%(upstream:short)%00%(objectname)%00%(upstream:track)%00%(upstream:remotename)%00%(upstream:remoteref) refs/heads/master refs/remotes/master [19ms]
2026-09-16 03:18:04.571 [info] > git for-each-ref --sort -committerdate --format %(refname)%00%(objectname)%00%(*objectname) [16ms]
2026-09-16 03:18:05.399 [info] > git status -z -uall [847ms]
2026-09-16 03:18:10.375 [info] > git log --format=%H%n%aN%n%aE%n%at%n%ct%n%P%n%D%n%B -z --shortstat -n50 --skip=0 --topo-order --decorate=full --stdin [46881ms]
2026-09-16 03:18:10.410 [info] > git config --get commit.template [6ms]
2026-09-16 03:18:10.425 [info] > git for-each-ref --format=%(refname)%00%(upstream:short)%00%(objectname)%00%(upstream:track)%00%(upstream:remotename)%00%(upstream:remoteref) refs/heads/master refs/remotes/master [18ms]
2026-09-16 03:18:10.445 [info] > git for-each-ref --sort -committerdate --format %(refname)%00%(objectname)%00%(*objectname) [15ms]
2026-09-16 03:18:11.181 [info] > git status -z -uall [753ms]
2026-09-16 03:18:17.468 [info] > git config --get commit.template [6ms]
2026-09-16 03:18:17.486 [info] > git for-each-ref --format=%(refname)%00%(upstream:short)%00%(objectname)%00%(upstream:track)%00%(upstream:remotename)%00%(upstream:remoteref) refs/heads/master refs/remotes/master [21ms]
2026-09-16 03:18:17.508 [info] > git for-each-ref --sort -committerdate --format %(refname)%00%(objectname)%00%(*objectname) [17ms]
2026-09-16 03:18:18.934 [info] > git status -z -uall [1445ms]
2026-09-16 03:18:23.946 [info] > git config --get commit.template [6ms]
2026-09-16 03:18:23.961 [info] > git for-each-ref --format=%(refname)%00%(upstream:short)%00%(objectname)%00%(upstream:track)%00%(upstream:remotename)%00%(upstream:remoteref) refs/heads/master refs/remotes/master [18ms]
2026-09-16 03:18:23.980 [info] > git for-each-ref --sort -committerdate --format %(refname)%00%(objectname)%00%(*objectname) [15ms]
2026-09-16 03:18:24.732 [info] > git status -z -uall [769ms]
2026-09-16 03:18:29.744 [info] > git config --get commit.template [7ms]
2026-09-16 03:18:29.759 [info] > git for-each-ref --format=%(refname)%00%(upstream:short)%00%(objectname)%00%(upstream:track)%00%(upstream:remotename)%00%(upstream:remoteref) refs/heads/master refs/remotes/master [19ms]
2026-09-16 03:18:29.778 [info] > git for-each-ref --sort -committerdate --format %(refname)%00%(objectname)%00%(*objectname) [14ms]
2026-09-16 03:18:30.555 [info] > git status -z -uall [793ms]
2026-09-16 03:18:35.992 [info] > git config --get commit.template [6ms]
2026-09-16 03:18:36.007 [info] > git for-each-ref --format=%(refname)%00%(upstream:short)%00%(objectname)%00%(upstream:track)%00%(upstream:remotename)%00%(upstream:remoteref) refs/heads/master refs/remotes/master [18ms]
2026-09-16 03:18:36.028 [info] > git for-each-ref --sort -committerdate --format %(refname)%00%(objectname)%00%(*objectname) [15ms]
2026-09-16 03:18:36.746 [info] > git status -z -uall [735ms]
2026-09-16 03:18:42.086 [info] > git config --get commit.template [6ms]
2026-09-16 03:18:42.102 [info] > git for-each-ref --format=%(refname)%00%(upstream:short)%00%(objectname)%00%(upstream:track)%00%(upstream:remotename)%00%(upstream:remoteref) refs/heads/master refs/remotes/master [18ms]
2026-09-16 03:18:42.122 [info] > git for-each-ref --sort -committerdate --format %(refname)%00%(objectname)%00%(*objectname) [16ms]
2026-09-16 03:18:42.855 [info] > git status -z -uall [750ms]
2026-09-16 03:18:47.865 [info] > git config --get commit.template [6ms]
2026-09-16 03:18:47.881 [info] > git for-each-ref --format=%(refname)%00%(upstream:short)%00%(objectname)%00%(upstream:track)%00%(upstream:remotename)%00%(upstream:remoteref) refs/heads/master refs/remotes/master [19ms]
2026-09-16 03:18:47.901 [info] > git for-each-ref --sort -committerdate --format %(refname)%00%(objectname)%00%(*objectname) [15ms]
2026-09-16 03:18:48.687 [info] > git status -z -uall [803ms]
2026-09-16 03:18:48.831 [info] > git config --get commit.template [6ms]
2026-09-16 03:18:48.847 [info] > git for-each-ref --format=%(refname)%00%(upstream:short)%00%(objectname)%00%(upstream:track)%00%(upstream:remotename)%00%(upstream:remoteref) refs/heads/master refs/remotes/master [20ms]
2026-09-16 03:18:48.866 [info] > git for-each-ref --sort -committerdate --format %(refname)%00%(objectname)%00%(*objectname) [14ms]
2026-09-16 03:18:49.661 [info] > git status -z -uall [811ms]
2026-09-16 03:18:53.698 [info] > git config --get commit.template [6ms]
2026-09-16 03:18:53.712 [info] > git for-each-ref --format=%(refname)%00%(upstream:short)%00%(objectname)%00%(upstream:track)%00%(upstream:remotename)%00%(upstream:remoteref) refs/heads/master refs/remotes/master [17ms]
2026-09-16 03:18:53.732 [info] > git for-each-ref --sort -committerdate --format %(refname)%00%(objectname)%00%(*objectname) [15ms]
2026-09-16 03:18:54.544 [info] > git status -z -uall [829ms]
2026-09-16 03:18:59.558 [info] > git config --get commit.template [8ms]
2026-09-16 03:18:59.576 [info] > git for-each-ref --format=%(refname)%00%(upstream:short)%00%(objectname)%00%(upstream:track)%00%(upstream:remotename)%00%(upstream:remoteref) refs/heads/master refs/remotes/master [24ms]
2026-09-16 03:18:59.600 [info] > git for-each-ref --sort -committerdate --format %(refname)%00%(objectname)%00%(*objectname) [19ms]
2026-09-16 03:19:00.400 [info] > git status -z -uall [821ms]
2026-09-16 03:19:07.238 [info] > git config --get commit.template [7ms]
2026-09-16 03:19:07.253 [info] > git for-each-ref --format=%(refname)%00%(upstream:short)%00%(objectname)%00%(upstream:track)%00%(upstream:remotename)%00%(upstream:remoteref) refs/heads/master refs/remotes/master [19ms]
2026-09-16 03:19:07.273 [info] > git for-each-ref --sort -committerdate --format %(refname)%00%(objectname)%00%(*objectname) [15ms]
2026-09-16 03:19:08.076 [info] > git status -z -uall [820ms]
2026-09-16 03:19:13.448 [info] > git config --get commit.template [5ms]
2026-09-16 03:19:13.464 [info] > git for-each-ref --format=%(refname)%00%(upstream:short)%00%(objectname)%00%(upstream:track)%00%(upstream:remotename)%00%(upstream:remoteref) refs/heads/master refs/remotes/master [19ms]
2026-09-16 03:19:13.482 [info] > git for-each-ref --sort -committerdate --format %(refname)%00%(objectname)%00%(*objectname) [14ms]
2026-09-16 03:19:14.304 [info] > git status -z -uall [838ms]
2026-09-16 03:19:19.525 [info] > git config --get commit.template [7ms]
2026-09-16 03:19:19.545 [info] > git for-each-ref --format=%(refname)%00%(upstream:short)%00%(objectname)%00%(upstream:track)%00%(upstream:remotename)%00%(upstream:remoteref) refs/heads/master refs/remotes/master [23ms]
2026-09-16 03:19:19.569 [info] > git for-each-ref --sort -committerdate --format %(refname)%00%(objectname)%00%(*objectname) [18ms]
2026-09-16 03:19:20.993 [info] > git status -z -uall [1445ms]
2026-09-16 03:19:26.366 [info] > git config --get commit.template [7ms]
2026-09-16 03:19:26.381 [info] > git for-each-ref --format=%(refname)%00%(upstream:short)%00%(objectname)%00%(upstream:track)%00%(upstream:remotename)%00%(upstream:remoteref) refs/heads/master refs/remotes/master [19ms]
2026-09-16 03:19:26.402 [info] > git for-each-ref --sort -committerdate --format %(refname)%00%(objectname)%00%(*objectname) [16ms]
2026-09-16 03:19:27.165 [info] > git status -z -uall [780ms]
2026-09-16 03:19:32.176 [info] > git config --get commit.template [6ms]
2026-09-16 03:19:32.192 [info] > git for-each-ref --format=%(refname)%00%(upstream:short)%00%(objectname)%00%(upstream:track)%00%(upstream:remotename)%00%(upstream:remoteref) refs/heads/master refs/remotes/master [19ms]
2026-09-16 03:19:32.211 [info] > git for-each-ref --sort -committerdate --format %(refname)%00%(objectname)%00%(*objectname) [15ms]
2026-09-16 03:19:32.973 [info] > git status -z -uall [779ms]
2026-09-16 03:20:00.440 [info] > git config --get commit.template [6ms]
2026-09-16 03:20:00.456 [info] > git for-each-ref --format=%(refname)%00%(upstream:short)%00%(objectname)%00%(upstream:track)%00%(upstream:remotename)%00%(upstream:remoteref) refs/heads/master refs/remotes/master [20ms]
2026-09-16 03:20:00.477 [info] > git for-each-ref --sort -committerdate --format %(refname)%00%(objectname)%00%(*objectname) [16ms]
2026-09-16 03:20:01.434 [info] > git status -z -uall [975ms]
2026-09-16 03:20:06.818 [info] > git config --get commit.template [6ms]
2026-09-16 03:20:06.834 [info] > git for-each-ref --format=%(refname)%00%(upstream:short)%00%(objectname)%00%(upstream:track)%00%(upstream:remotename)%00%(upstream:remoteref) refs/heads/master refs/remotes/master [19ms]
2026-09-16 03:20:06.854 [info] > git for-each-ref --sort -committerdate --format %(refname)%00%(objectname)%00%(*objectname) [15ms]
2026-09-16 03:20:07.669 [info] > git status -z -uall [832ms]
2026-09-16 03:20:14.460 [info] > git config --get commit.template [6ms]
2026-09-16 03:20:14.513 [info] > git for-each-ref --format=%(refname)%00%(upstream:short)%00%(objectname)%00%(upstream:track)%00%(upstream:remotename)%00%(upstream:remoteref) refs/heads/master refs/remotes/master [56ms]
2026-09-16 03:20:14.535 [info] > git for-each-ref --sort -committerdate --format %(refname)%00%(objectname)%00%(*objectname) [16ms]
2026-09-16 03:20:15.478 [info] > git status -z -uall [961ms]
2026-09-16 03:20:20.490 [info] > git config --get commit.template [7ms]
2026-09-16 03:20:20.508 [info] > git for-each-ref --format=%(refname)%00%(upstream:short)%00%(objectname)%00%(upstream:track)%00%(upstream:remotename)%00%(upstream:remoteref) refs/heads/master refs/remotes/master [23ms]
2026-09-16 03:20:20.534 [info] > git for-each-ref --sort -committerdate --format %(refname)%00%(objectname)%00%(*objectname) [20ms]
2026-09-16 03:20:21.927 [info] > git status -z -uall [1415ms]
2026-09-16 03:20:26.938 [info] > git config --get commit.template [6ms]
2026-09-16 03:20:26.955 [info] > git for-each-ref --format=%(refname)%00%(upstream:short)%00%(objectname)%00%(upstream:track)%00%(upstream:remotename)%00%(upstream:remoteref) refs/heads/master refs/remotes/master [20ms]
2026-09-16 03:20:26.975 [info] > git for-each-ref --sort -committerdate --format %(refname)%00%(objectname)%00%(*objectname) [15ms]
2026-09-16 03:20:27.793 [info] > git status -z -uall [835ms]
2026-09-16 03:20:32.805 [info] > git config --get commit.template [7ms]
2026-09-16 03:20:32.822 [info] > git for-each-ref --format=%(refname)%00%(upstream:short)%00%(objectname)%00%(upstream:track)%00%(upstream:remotename)%00%(upstream:remoteref) refs/heads/master refs/remotes/master [20ms]
2026-09-16 03:20:32.843 [info] > git for-each-ref --sort -committerdate --format %(refname)%00%(objectname)%00%(*objectname) [16ms]
2026-09-16 03:20:33.641 [info] > git status -z -uall [816ms]
2026-09-16 03:20:38.653 [info] > git config --get commit.template [7ms]
2026-09-16 03:20:38.670 [info] > git for-each-ref --format=%(refname)%00%(upstream:short)%00%(objectname)%00%(upstream:track)%00%(upstream:remotename)%00%(upstream:remoteref) refs/heads/master refs/remotes/master [21ms]
2026-09-16 03:20:38.693 [info] > git for-each-ref --sort -committerdate --format %(refname)%00%(objectname)%00%(*objectname) [17ms]
2026-09-16 03:20:39.522 [info] > git status -z -uall [848ms]
2026-09-16 03:20:46.344 [info] > git config --get commit.template [7ms]
2026-09-16 03:20:46.358 [info] > git for-each-ref --format=%(refname)%00%(upstream:short)%00%(objectname)%00%(upstream:track)%00%(upstream:remotename)%00%(upstream:remoteref) refs/heads/master refs/remotes/master [18ms]
2026-09-16 03:20:46.382 [info] > git for-each-ref --sort -committerdate --format %(refname)%00%(objectname)%00%(*objectname) [19ms]
2026-09-16 03:20:47.164 [info] > git status -z -uall [803ms]
2026-09-16 03:20:53.065 [info] > git config --get commit.template [7ms]
2026-09-16 03:20:53.079 [info] > git for-each-ref --format=%(refname)%00%(upstream:short)%00%(objectname)%00%(upstream:track)%00%(upstream:remotename)%00%(upstream:remoteref) refs/heads/master refs/remotes/master [19ms]
2026-09-16 03:20:53.098 [info] > git for-each-ref --sort -committerdate --format %(refname)%00%(objectname)%00%(*objectname) [14ms]
2026-09-16 03:20:53.883 [info] > git status -z -uall [801ms]
2026-09-16 03:20:58.895 [info] > git config --get commit.template [7ms]
2026-09-16 03:20:58.912 [info] > git for-each-ref --format=%(refname)%00%(upstream:short)%00%(objectname)%00%(upstream:track)%00%(upstream:remotename)%00%(upstream:remoteref) refs/heads/master refs/remotes/master [21ms]
2026-09-16 03:20:58.934 [info] > git for-each-ref --sort -committerdate --format %(refname)%00%(objectname)%00%(*objectname) [16ms]
2026-09-16 03:20:59.874 [info] > git status -z -uall [958ms]
2026-09-16 03:21:04.886 [info] > git config --get commit.template [5ms]
2026-09-16 03:21:04.902 [info] > git for-each-ref --format=%(refname)%00%(upstream:short)%00%(objectname)%00%(upstream:track)%00%(upstream:remotename)%00%(upstream:remoteref) refs/heads/master refs/remotes/master [20ms]
2026-09-16 03:21:04.925 [info] > git for-each-ref --sort -committerdate --format %(refname)%00%(objectname)%00%(*objectname) [18ms]
2026-09-16 03:21:05.840 [info] > git status -z -uall [935ms]
2026-09-16 03:21:09.920 [info] > git config --get commit.template [6ms]
2026-09-16 03:21:09.939 [info] > git for-each-ref --format=%(refname)%00%(upstream:short)%00%(objectname)%00%(upstream:track)%00%(upstream:remotename)%00%(upstream:remoteref) refs/heads/master refs/remotes/master [23ms]
2026-09-16 03:21:09.961 [info] > git for-each-ref --sort -committerdate --format %(refname)%00%(objectname)%00%(*objectname) [17ms]
2026-09-16 03:21:10.772 [info] > git status -z -uall [830ms]
2026-09-16 03:21:10.851 [info] > git config --get commit.template [5ms]
2026-09-16 03:21:10.870 [info] > git for-each-ref --format=%(refname)%00%(upstream:short)%00%(objectname)%00%(upstream:track)%00%(upstream:remotename)%00%(upstream:remoteref) refs/heads/master refs/remotes/master [22ms]
2026-09-16 03:21:10.892 [info] > git for-each-ref --sort -committerdate --format %(refname)%00%(objectname)%00%(*objectname) [17ms]
2026-09-16 03:21:11.656 [info] > git status -z -uall [783ms]
2026-09-16 03:21:16.671 [info] > git config --get commit.template [10ms]
2026-09-16 03:21:16.695 [info] > git for-each-ref --format=%(refname)%00%(upstream:short)%00%(objectname)%00%(upstream:track)%00%(upstream:remotename)%00%(upstream:remoteref) refs/heads/master refs/remotes/master [31ms]
2026-09-16 03:21:16.718 [info] > git for-each-ref --sort -committerdate --format %(refname)%00%(objectname)%00%(*objectname) [17ms]
2026-09-16 03:21:17.594 [info] > git status -z -uall [895ms]
2026-09-16 03:21:22.608 [info] > git config --get commit.template [9ms]
2026-09-16 03:21:22.630 [info] > git for-each-ref --format=%(refname)%00%(upstream:short)%00%(objectname)%00%(upstream:track)%00%(upstream:remotename)%00%(upstream:remoteref) refs/heads/master refs/remotes/master [27ms]
2026-09-16 03:21:22.653 [info] > git for-each-ref --sort -committerdate --format %(refname)%00%(objectname)%00%(*objectname) [17ms]
2026-09-16 03:21:24.096 [info] > git status -z -uall [1462ms]
2026-09-16 03:21:32.106 [info] > git config --get commit.template [6ms]
2026-09-16 03:21:32.122 [info] > git for-each-ref --format=%(refname)%00%(upstream:short)%00%(objectname)%00%(upstream:track)%00%(upstream:remotename)%00%(upstream:remoteref) refs/heads/master refs/remotes/master [19ms]
2026-09-16 03:21:32.142 [info] > git for-each-ref --sort -committerdate --format %(refname)%00%(objectname)%00%(*objectname) [15ms]
2026-09-16 03:21:32.942 [info] > git status -z -uall [817ms]
2026-09-16 03:21:37.953 [info] > git config --get commit.template [6ms]
2026-09-16 03:21:37.970 [info] > git for-each-ref --format=%(refname)%00%(upstream:short)%00%(objectname)%00%(upstream:track)%00%(upstream:remotename)%00%(upstream:remoteref) refs/heads/master refs/remotes/master [20ms]
2026-09-16 03:21:37.993 [info] > git for-each-ref --sort -committerdate --format %(refname)%00%(objectname)%00%(*objectname) [17ms]
2026-09-16 03:21:38.814 [info] > git status -z -uall [840ms]
2026-09-16 03:21:44.406 [info] > git config --get commit.template [6ms]
2026-09-16 03:21:44.422 [info] > git for-each-ref --format=%(refname)%00%(upstream:short)%00%(objectname)%00%(upstream:track)%00%(upstream:remotename)%00%(upstream:remoteref) refs/heads/master refs/remotes/master [19ms]
2026-09-16 03:21:44.445 [info] > git for-each-ref --sort -committerdate --format %(refname)%00%(objectname)%00%(*objectname) [17ms]
2026-09-16 03:21:45.215 [info] > git status -z -uall [789ms]
2026-09-16 03:21:50.226 [info] > git config --get commit.template [6ms]
2026-09-16 03:21:50.241 [info] > git for-each-ref --format=%(refname)%00%(upstream:short)%00%(objectname)%00%(upstream:track)%00%(upstream:remotename)%00%(upstream:remoteref) refs/heads/master refs/remotes/master [18ms]
2026-09-16 03:21:50.263 [info] > git for-each-ref --sort -committerdate --format %(refname)%00%(objectname)%00%(*objectname) [15ms]
2026-09-16 03:21:51.101 [info] > git status -z -uall [856ms]
2026-09-16 03:21:56.130 [info] > git config --get commit.template [12ms]
2026-09-16 03:21:56.143 [info] > git for-each-ref --format=%(refname)%00%(upstream:short)%00%(objectname)%00%(upstream:track)%00%(upstream:remotename)%00%(upstream:remoteref) refs/heads/master refs/remotes/master [22ms]
2026-09-16 03:21:56.169 [info] > git for-each-ref --sort -committerdate --format %(refname)%00%(objectname)%00%(*objectname) [20ms]
2026-09-16 03:21:56.995 [info] > git status -z -uall [848ms]
2026-09-16 03:22:02.006 [info] > git config --get commit.template [6ms]
2026-09-16 03:22:02.022 [info] > git for-each-ref --format=%(refname)%00%(upstream:short)%00%(objectname)%00%(upstream:track)%00%(upstream:remotename)%00%(upstream:remoteref) refs/heads/master refs/remotes/master [19ms]
2026-09-16 03:22:02.043 [info] > git for-each-ref --sort -committerdate --format %(refname)%00%(objectname)%00%(*objectname) [16ms]
2026-09-16 03:22:02.828 [info] > git status -z -uall [803ms]
2026-09-16 03:22:37.546 [info] > git config --get commit.template [7ms]
2026-09-16 03:22:37.564 [info] > git for-each-ref --format=%(refname)%00%(upstream:short)%00%(objectname)%00%(upstream:track)%00%(upstream:remotename)%00%(upstream:remoteref) refs/heads/master refs/remotes/master [22ms]
2026-09-16 03:22:37.588 [info] > git for-each-ref --sort -committerdate --format %(refname)%00%(objectname)%00%(*objectname) [17ms]
2026-09-16 03:22:39.120 [info] > git status -z -uall [1552ms]
2026-09-16 03:22:44.507 [info] > git config --get commit.template [9ms]
2026-09-16 03:22:44.525 [info] > git for-each-ref --format=%(refname)%00%(upstream:short)%00%(objectname)%00%(upstream:track)%00%(upstream:remotename)%00%(upstream:remoteref) refs/heads/master refs/remotes/master [24ms]
2026-09-16 03:22:44.551 [info] > git for-each-ref --sort -committerdate --format %(refname)%00%(objectname)%00%(*objectname) [19ms]
2026-09-16 03:22:45.409 [info] > git status -z -uall [879ms]
2026-09-16 03:22:45.429 [info] > git merge-base refs/heads/master refs/remotes/origin/master [15ms]
2026-09-16 03:22:45.448 [info] > git diff --name-status -z --diff-filter=ADMR a964d672d7492ace60eef18d6f64eb1688ee4f99...refs/remotes/origin/master [17ms]
2026-09-16 03:23:11.638 [info] > git config --get commit.template [8ms]
2026-09-16 03:23:11.655 [info] > git for-each-ref --format=%(refname)%00%(upstream:short)%00%(objectname)%00%(upstream:track)%00%(upstream:remotename)%00%(upstream:remoteref) refs/heads/master refs/remotes/master [22ms]
2026-09-16 03:23:11.679 [info] > git for-each-ref --sort -committerdate --format %(refname)%00%(objectname)%00%(*objectname) [18ms]
2026-09-16 03:23:12.493 [info] > git status -z -uall [834ms]
2026-09-16 03:23:17.506 [info] > git config --get commit.template [7ms]
2026-09-16 03:23:17.522 [info] > git for-each-ref --format=%(refname)%00%(upstream:short)%00%(objectname)%00%(upstream:track)%00%(upstream:remotename)%00%(upstream:remoteref) refs/heads/master refs/remotes/master [20ms]
2026-09-16 03:23:17.543 [info] > git for-each-ref --sort -committerdate --format %(refname)%00%(objectname)%00%(*objectname) [15ms]
2026-09-16 03:23:18.308 [info] > git status -z -uall [783ms]
2026-09-16 03:23:23.319 [info] > git config --get commit.template [7ms]
2026-09-16 03:23:23.335 [info] > git for-each-ref --format=%(refname)%00%(upstream:short)%00%(objectname)%00%(upstream:track)%00%(upstream:remotename)%00%(upstream:remoteref) refs/heads/master refs/remotes/master [20ms]
2026-09-16 03:23:23.359 [info] > git for-each-ref --sort -committerdate --format %(refname)%00%(objectname)%00%(*objectname) [17ms]
2026-09-16 03:23:24.232 [info] > git status -z -uall [892ms]
2026-09-16 03:23:29.245 [info] > git config --get commit.template [7ms]
2026-09-16 03:23:29.260 [info] > git for-each-ref --format=%(refname)%00%(upstream:short)%00%(objectname)%00%(upstream:track)%00%(upstream:remotename)%00%(upstream:remoteref) refs/heads/master refs/remotes/master [20ms]
2026-09-16 03:23:29.286 [info] > git for-each-ref --sort -committerdate --format %(refname)%00%(objectname)%00%(*objectname) [20ms]
2026-09-16 03:23:30.213 [info] > git status -z -uall [949ms]
2026-09-16 03:23:35.228 [info] > git config --get commit.template [8ms]
2026-09-16 03:23:35.242 [info] > git for-each-ref --format=%(refname)%00%(upstream:short)%00%(objectname)%00%(upstream:track)%00%(upstream:remotename)%00%(upstream:remoteref) refs/heads/master refs/remotes/master [19ms]
2026-09-16 03:23:35.266 [info] > git for-each-ref --sort -committerdate --format %(refname)%00%(objectname)%00%(*objectname) [18ms]
2026-09-16 03:23:36.081 [info] > git status -z -uall [835ms]
2026-09-16 03:23:41.094 [info] > git config --get commit.template [8ms]
2026-09-16 03:23:41.110 [info] > git for-each-ref --format=%(refname)%00%(upstream:short)%00%(objectname)%00%(upstream:track)%00%(upstream:remotename)%00%(upstream:remoteref) refs/heads/master refs/remotes/master [20ms]
2026-09-16 03:23:41.137 [info] > git for-each-ref --sort -committerdate --format %(refname)%00%(objectname)%00%(*objectname) [20ms]
2026-09-16 03:23:42.582 [info] > git status -z -uall [1468ms]
2026-09-16 03:23:47.594 [info] > git config --get commit.template [7ms]
2026-09-16 03:23:47.610 [info] > git for-each-ref --format=%(refname)%00%(upstream:short)%00%(objectname)%00%(upstream:track)%00%(upstream:remotename)%00%(upstream:remoteref) refs/heads/master refs/remotes/master [20ms]
2026-09-16 03:23:47.634 [info] > git for-each-ref --sort -committerdate --format %(refname)%00%(objectname)%00%(*objectname) [18ms]
2026-09-16 03:23:48.436 [info] > git status -z -uall [821ms]
2026-09-16 03:23:53.449 [info] > git config --get commit.template [7ms]
2026-09-16 03:23:53.466 [info] > git for-each-ref --format=%(refname)%00%(upstream:short)%00%(objectname)%00%(upstream:track)%00%(upstream:remotename)%00%(upstream:remoteref) refs/heads/master refs/remotes/master [21ms]
2026-09-16 03:23:53.489 [info] > git for-each-ref --sort -committerdate --format %(refname)%00%(objectname)%00%(*objectname) [17ms]
2026-09-16 03:23:54.370 [info] > git status -z -uall [900ms]
2026-09-16 03:23:59.383 [info] > git config --get commit.template [7ms]
2026-09-16 03:23:59.399 [info] > git for-each-ref --format=%(refname)%00%(upstream:short)%00%(objectname)%00%(upstream:track)%00%(upstream:remotename)%00%(upstream:remoteref) refs/heads/master refs/remotes/master [20ms]
2026-09-16 03:23:59.422 [info] > git for-each-ref --sort -committerdate --format %(refname)%00%(objectname)%00%(*objectname) [17ms]
2026-09-16 03:24:00.297 [info] > git status -z -uall [894ms]
2026-09-16 03:24:05.311 [info] > git config --get commit.template [7ms]
2026-09-16 03:24:05.329 [info] > git for-each-ref --format=%(refname)%00%(upstream:short)%00%(objectname)%00%(upstream:track)%00%(upstream:remotename)%00%(upstream:remoteref) refs/heads/master refs/remotes/master [22ms]
2026-09-16 03:24:05.356 [info] > git for-each-ref --sort -committerdate --format %(refname)%00%(objectname)%00%(*objectname) [19ms]
2026-09-16 03:24:06.173 [info] > git status -z -uall [839ms]
2026-09-16 03:24:11.186 [info] > git config --get commit.template [6ms]
2026-09-16 03:24:11.200 [info] > git for-each-ref --format=%(refname)%00%(upstream:short)%00%(objectname)%00%(upstream:track)%00%(upstream:remotename)%00%(upstream:remoteref) refs/heads/master refs/remotes/master [17ms]
2026-09-16 03:24:11.222 [info] > git for-each-ref --sort -committerdate --format %(refname)%00%(objectname)%00%(*objectname) [16ms]
2026-09-16 03:24:12.033 [info] > git status -z -uall [829ms]
2026-09-16 03:24:12.766 [info] > git config --get commit.template [7ms]
2026-09-16 03:24:12.780 [info] > git for-each-ref --format=%(refname)%00%(upstream:short)%00%(objectname)%00%(upstream:track)%00%(upstream:remotename)%00%(upstream:remoteref) refs/heads/master refs/remotes/master [19ms]
2026-09-16 03:24:12.802 [info] > git for-each-ref --sort -committerdate --format %(refname)%00%(objectname)%00%(*objectname) [16ms]
2026-09-16 03:24:13.604 [info] > git status -z -uall [820ms]
2026-09-16 03:24:17.047 [info] > git config --get commit.template [8ms]
2026-09-16 03:24:17.064 [info] > git for-each-ref --format=%(refname)%00%(upstream:short)%00%(objectname)%00%(upstream:track)%00%(upstream:remotename)%00%(upstream:remoteref) refs/heads/master refs/remotes/master [22ms]
2026-09-16 03:24:17.093 [info] > git for-each-ref --sort -committerdate --format %(refname)%00%(objectname)%00%(*objectname) [23ms]
2026-09-16 03:24:17.923 [info] > git status -z -uall [856ms]
